Component: ARM Compiler 5.06 update 7 (build 960) Tool: armlink [4d3601]

==============================================================================

Section Cross References

    startup_stm32g431xx.o(RESET) refers to startup_stm32g431xx.o(STACK) for __initial_sp
    startup_stm32g431xx.o(RESET) refers to startup_stm32g431xx.o(.text) for Reset_Handler
    startup_stm32g431xx.o(RESET) refers to stm32g4xx_it.o(i.NMI_Handler) for NMI_Handler
    startup_stm32g431xx.o(RESET) refers to stm32g4xx_it.o(i.HardFault_Handler) for HardFault_Handler
    startup_stm32g431xx.o(RESET) refers to stm32g4xx_it.o(i.MemManage_Handler) for MemManage_Handler
    startup_stm32g431xx.o(RESET) refers to stm32g4xx_it.o(i.BusFault_Handler) for BusFault_Handler
    startup_stm32g431xx.o(RESET) refers to stm32g4xx_it.o(i.UsageFault_Handler) for UsageFault_Handler
    startup_stm32g431xx.o(RESET) refers to stm32g4xx_it.o(i.SVC_Handler) for SVC_Handler
    startup_stm32g431xx.o(RESET) refers to stm32g4xx_it.o(i.DebugMon_Handler) for DebugMon_Handler
    startup_stm32g431xx.o(RESET) refers to stm32g4xx_it.o(i.PendSV_Handler) for PendSV_Handler
    startup_stm32g431xx.o(RESET) refers to stm32g4xx_it.o(i.SysTick_Handler) for SysTick_Handler
    startup_stm32g431xx.o(RESET) refers to stm32g4xx_it.o(i.DMA1_Channel2_IRQHandler) for DMA1_Channel2_IRQHandler
    startup_stm32g431xx.o(RESET) refers to stm32g4xx_it.o(i.ADC1_2_IRQHandler) for ADC1_2_IRQHandler
    startup_stm32g431xx.o(RESET) refers to stm32g4xx_it.o(i.TIM1_UP_TIM16_IRQHandler) for TIM1_UP_TIM16_IRQHandler
    startup_stm32g431xx.o(RESET) refers to stm32g4xx_it.o(i.TIM6_DAC_IRQHandler) for TIM6_DAC_IRQHandler
    startup_stm32g431xx.o(.text) refers to system_stm32g4xx.o(i.SystemInit) for SystemInit
    startup_stm32g431xx.o(.text) refers to entry.o(.ARM.Collect$$$$00000000) for __main
    main.o(i.SystemClock_Config) refers to memseta.o(.text) for __aeabi_memclr4
    main.o(i.SystemClock_Config) refers to stm32g4xx_hal_pwr_ex.o(i.HAL_PWREx_ControlVoltageScaling) for HAL_PWREx_ControlVoltageScaling
    main.o(i.SystemClock_Config) refers to stm32g4xx_hal_rcc.o(i.HAL_RCC_OscConfig) for HAL_RCC_OscConfig
    main.o(i.SystemClock_Config) refers to main.o(i.Error_Handler) for Error_Handler
    main.o(i.SystemClock_Config) refers to stm32g4xx_hal_rcc.o(i.HAL_RCC_ClockConfig) for HAL_RCC_ClockConfig
    main.o(i.main) refers to stm32g4xx_hal.o(i.HAL_Init) for HAL_Init
    main.o(i.main) refers to main.o(i.SystemClock_Config) for SystemClock_Config
    main.o(i.main) refers to gpio.o(i.MX_GPIO_Init) for MX_GPIO_Init
    main.o(i.main) refers to dma.o(i.MX_DMA_Init) for MX_DMA_Init
    main.o(i.main) refers to adc.o(i.MX_ADC1_Init) for MX_ADC1_Init
    main.o(i.main) refers to adc.o(i.MX_ADC2_Init) for MX_ADC2_Init
    main.o(i.main) refers to tim.o(i.MX_TIM1_Init) for MX_TIM1_Init
    main.o(i.main) refers to tim.o(i.MX_TIM2_Init) for MX_TIM2_Init
    main.o(i.main) refers to usart.o(i.MX_USART1_UART_Init) for MX_USART1_UART_Init
    main.o(i.main) refers to tim.o(i.MX_TIM4_Init) for MX_TIM4_Init
    main.o(i.main) refers to tim.o(i.MX_TIM3_Init) for MX_TIM3_Init
    main.o(i.main) refers to spi.o(i.MX_SPI2_Init) for MX_SPI2_Init
    main.o(i.main) refers to tim.o(i.MX_TIM6_Init) for MX_TIM6_Init
    main.o(i.main) refers to segger_rtt.o(i.SEGGER_RTT_ConfigUpBuffer) for SEGGER_RTT_ConfigUpBuffer
    main.o(i.main) refers to system_init.o(i.All_Peripheral_Init) for All_Peripheral_Init
    main.o(i.main) refers to system_init.o(i.All_Variable_Init) for All_Variable_Init
    main.o(i.main) refers to pwm_ctrl.o(i.PWM_OUT_ON) for PWM_OUT_ON
    main.o(i.main) refers to main.o(.bss) for buf
    main.o(i.main) refers to pwm_ctrl.o(.bss) for all_channel
    gpio.o(i.MX_GPIO_Init) refers to memseta.o(.text) for __aeabi_memclr4
    gpio.o(i.MX_GPIO_Init) refers to stm32g4xx_hal_gpio.o(i.HAL_GPIO_WritePin) for HAL_GPIO_WritePin
    gpio.o(i.MX_GPIO_Init) refers to stm32g4xx_hal_gpio.o(i.HAL_GPIO_Init) for HAL_GPIO_Init
    adc.o(i.HAL_ADC_MspDeInit) refers to stm32g4xx_hal_gpio.o(i.HAL_GPIO_DeInit) for HAL_GPIO_DeInit
    adc.o(i.HAL_ADC_MspDeInit) refers to stm32g4xx_hal_dma.o(i.HAL_DMA_DeInit) for HAL_DMA_DeInit
    adc.o(i.HAL_ADC_MspDeInit) refers to adc.o(.data) for HAL_RCC_ADC12_CLK_ENABLED
    adc.o(i.HAL_ADC_MspInit) refers to memseta.o(.text) for __aeabi_memclr4
    adc.o(i.HAL_ADC_MspInit) refers to stm32g4xx_hal_rcc_ex.o(i.HAL_RCCEx_PeriphCLKConfig) for HAL_RCCEx_PeriphCLKConfig
    adc.o(i.HAL_ADC_MspInit) refers to main.o(i.Error_Handler) for Error_Handler
    adc.o(i.HAL_ADC_MspInit) refers to stm32g4xx_hal_gpio.o(i.HAL_GPIO_Init) for HAL_GPIO_Init
    adc.o(i.HAL_ADC_MspInit) refers to stm32g4xx_hal_dma.o(i.HAL_DMA_Init) for HAL_DMA_Init
    adc.o(i.HAL_ADC_MspInit) refers to stm32g4xx_hal_cortex.o(i.HAL_NVIC_SetPriority) for HAL_NVIC_SetPriority
    adc.o(i.HAL_ADC_MspInit) refers to stm32g4xx_hal_cortex.o(i.HAL_NVIC_EnableIRQ) for HAL_NVIC_EnableIRQ
[...]
    TIM_OC1_SetConfig                        0x080087a5   Thumb Code   146  stm32g4xx_hal_tim.o(i.TIM_OC1_SetConfig)
    i.TIM_OC2_SetConfig                      0x08008850   Section        0  stm32g4xx_hal_tim.o(i.TIM_OC2_SetConfig)
    i.TIM_OC3_SetConfig                      0x08008904   Section        0  stm32g4xx_hal_tim.o(i.TIM_OC3_SetConfig)
    TIM_OC3_SetConfig                        0x08008905   Thumb Code   154  stm32g4xx_hal_tim.o(i.TIM_OC3_SetConfig)
    i.TIM_OC4_SetConfig                      0x080089b8   Section        0  stm32g4xx_hal_tim.o(i.TIM_OC4_SetConfig)
    TIM_OC4_SetConfig                        0x080089b9   Thumb Code   156  stm32g4xx_hal_tim.o(i.TIM_OC4_SetConfig)
    i.TIM_OC5_SetConfig                      0x08008a6c   Section        0  stm32g4xx_hal_tim.o(i.TIM_OC5_SetConfig)
    TIM_OC5_SetConfig                        0x08008a6d   Thumb Code    86  stm32g4xx_hal_tim.o(i.TIM_OC5_SetConfig)
    i.TIM_OC6_SetConfig                      0x08008adc   Section        0  stm32g4xx_hal_tim.o(i.TIM_OC6_SetConfig)
    TIM_OC6_SetConfig                        0x08008add   Thumb Code    88  stm32g4xx_hal_tim.o(i.TIM_OC6_SetConfig)
    i.TIM_SlaveTimer_SetConfig               0x08008b4c   Section        0  stm32g4xx_hal_tim.o(i.TIM_SlaveTimer_SetConfig)
    TIM_SlaveTimer_SetConfig                 0x08008b4d   Thumb Code   248  stm32g4xx_hal_tim.o(i.TIM_SlaveTimer_SetConfig)
    i.TIM_TI1_ConfigInputStage               0x08008c50   Section        0  stm32g4xx_hal_tim.o(i.TIM_TI1_ConfigInputStage)
    TIM_TI1_ConfigInputStage                 0x08008c51   Thumb Code    38  stm32g4xx_hal_tim.o(i.TIM_TI1_ConfigInputStage)
    i.TIM_TI1_SetConfig                      0x08008c78   Section        0  stm32g4xx_hal_tim.o(i.TIM_TI1_SetConfig)
    i.TIM_TI2_ConfigInputStage               0x08008cf4   Section        0  stm32g4xx_hal_tim.o(i.TIM_TI2_ConfigInputStage)
    TIM_TI2_ConfigInputStage                 0x08008cf5   Thumb Code    40  stm32g4xx_hal_tim.o(i.TIM_TI2_ConfigInputStage)
    i.TIM_TI2_SetConfig                      0x08008d1c   Section        0  stm32g4xx_hal_tim.o(i.TIM_TI2_SetConfig)
    TIM_TI2_SetConfig                        0x08008d1d   Thumb Code    58  stm32g4xx_hal_tim.o(i.TIM_TI2_SetConfig)
    i.TIM_TI3_SetConfig                      0x08008d56   Section        0  stm32g4xx_hal_tim.o(i.TIM_TI3_SetConfig)
    TIM_TI3_SetConfig                        0x08008d57   Thumb Code    56  stm32g4xx_hal_tim.o(i.TIM_TI3_SetConfig)
    i.TIM_TI4_SetConfig                      0x08008d8e   Section        0  stm32g4xx_hal_tim.o(i.TIM_TI4_SetConfig)
    TIM_TI4_SetConfig                        0x08008d8f   Thumb Code    60  stm32g4xx_hal_tim.o(i.TIM_TI4_SetConfig)
    i.UARTEx_SetNbDataToProcess              0x08008dcc   Section        0  stm32g4xx_hal_uart_ex.o(i.UARTEx_SetNbDataToProcess)
    UARTEx_SetNbDataToProcess                0x08008dcd   Thumb Code    78  stm32g4xx_hal_uart_ex.o(i.UARTEx_SetNbDataToProcess)
    i.UART_AdvFeatureConfig                  0x08008e24   Section        0  stm32g4xx_hal_uart.o(i.UART_AdvFeatureConfig)
    i.UART_CheckIdleState                    0x08008f1c   Section        0  stm32g4xx_hal_uart.o(i.UART_CheckIdleState)
    i.UART_EndRxTransfer                     0x08009008   Section        0  stm32g4xx_hal_uart.o(i.UART_EndRxTransfer)
    UART_EndRxTransfer                       0x08009009   Thumb Code   104  stm32g4xx_hal_uart.o(i.UART_EndRxTransfer)
    i.UART_SetConfig                         0x08009074   Section        0  stm32g4xx_hal_uart.o(i.UART_SetConfig)
    i.UART_WaitOnFlagUntilTimeout            0x080093f8   Section        0  stm32g4xx_hal_uart.o(i.UART_WaitOnFlagUntilTimeout)
    i.UsageFault_Handler                     0x080094a4   Section        0  stm32g4xx_it.o(i.UsageFault_Handler)
    i.Voltage_Ref_Cal                        0x080094a8   Section        0  current_sample.o(i.Voltage_Ref_Cal)
    i.Voltage_Value_Cal                      0x0800957c   Section        0  current_sample.o(i.Voltage_Value_Cal)
    i._DoInit                                0x0800969c   Section        0  segger_rtt.o(i._DoInit)
    _DoInit                                  0x0800969d   Thumb Code    82  segger_rtt.o(i._DoInit)
    i.__NVIC_GetPriorityGrouping             0x0800970c   Section        0  stm32g4xx_hal_cortex.o(i.__NVIC_GetPriorityGrouping)
    __NVIC_GetPriorityGrouping               0x0800970d   Thumb Code    10  stm32g4xx_hal_cortex.o(i.__NVIC_GetPriorityGrouping)
    i.__NVIC_SetPriority                     0x0800971c   Section        0  stm32g4xx_hal_cortex.o(i.__NVIC_SetPriority)
    __NVIC_SetPriority                       0x0800971d   Thumb Code    32  stm32g4xx_hal_cortex.o(i.__NVIC_SetPriority)
    i.__hardfp_logf                          0x08009744   Section        0  logf.o(i.__hardfp_logf)
    i.__mathlib_flt_divzero                  0x080098b0   Section        0  funder.o(i.__mathlib_flt_divzero)
    i.__mathlib_flt_infnan                   0x080098c4   Section        0  funder.o(i.__mathlib_flt_infnan)
    i.__mathlib_flt_invalid                  0x080098cc   Section        0  funder.o(i.__mathlib_flt_invalid)
    i.__scatterload_copy                     0x080098dc   Section       14  handlers.o(i.__scatterload_copy)
    i.__scatterload_null                     0x080098ea   Section        2  handlers.o(i.__scatterload_null)
    i.__scatterload_zeroinit                 0x080098ec   Section       14  handlers.o(i.__scatterload_zeroinit)
    i.__set_errno                            0x080098fc   Section        0  errno.o(i.__set_errno)
    i.main                                   0x08009908   Section        0  main.o(i.main)
    i.sat                                    0x08009980   Section        0  public.o(i.sat)
    i.thetafrac                              0x080099aa   Section        0  public.o(i.thetafrac)
    .constdata                               0x080099c0   Section       24  stm32g4xx_hal_uart.o(.constdata)
    .constdata                               0x080099d8   Section       16  stm32g4xx_hal_uart_ex.o(.constdata)
    numerator                                0x080099d8   Data           8  stm32g4xx_hal_uart_ex.o(.constdata)
    denominator                              0x080099e0   Data           8  stm32g4xx_hal_uart_ex.o(.constdata)
    .constdata                               0x080099e8   Section       24  system_stm32g4xx.o(.constdata)
    .constdata                               0x08009a00   Section       17  segger_rtt.o(.constdata)
    _aInitStr                                0x08009a00   Data          17  segger_rtt.o(.constdata)
    .constdata                               0x08009a14   Section     2052  arm_common_tables.o(.constdata)
    .constdata                               0x0800a218   Section       64  logf.o(.constdata)
    logahi                                   0x0800a218   Data          32  logf.o(.constdata)
    logalo                                   0x0800a238   Data          32  logf.o(.constdata)
    .data                                    0x20000000   Section        4  adc.o(.data)
    HAL_RCC_ADC12_CLK_ENABLED                0x20000000   Data           4  adc.o(.data)
    .data                                    0x20000004   Section       12  stm32g4xx_hal.o(.data)
    .data                                    0x20000010   Section       32  stm32g4xx_hal_flash.o(.data)
    .data                                    0x20000030   Section        4  system_stm32g4xx.o(.data)
    .data                                    0x20000034   Section        2  system_it.o(.data)
    .data                                    0x20000036   Section        5  current_sample.o(.data)
    power_cnt                                0x20000036   Data           2  current_sample.o(.data)
    prepare_cnt                              0x20000038   Data           2  current_sample.o(.data)
    over_curr_cnt                            0x2000003a   Data           1  current_sample.o(.data)
    .data                                    0x2000003c   Section        5  encoder.o(.data)
    count_enc                                0x20000040   Data           1  encoder.o(.data)
    .data                                    0x20000044   Section        4  motor_task.o(.data)
    init_time                                0x20000044   Data           4  motor_task.o(.data)
    .data                                    0x20000048   Section        4  motion_control.o(.data)
    .data                                    0x2000004c   Section       13  my_flash.o(.data)
    address                                  0x20000054   Data           4  my_flash.o(.data)
    i                                        0x20000058   Data           1  my_flash.o(.data)
    .data                                    0x2000005c   Section        4  errno.o(.data)
    _errno                                   0x2000005c   Data           4  errno.o(.data)
    .bss                                     0x20000060   Section     2048  main.o(.bss)
    .bss                                     0x20000860   Section      312  adc.o(.bss)
    .bss                                     0x20000998   Section      100  spi.o(.bss)
    .bss                                     0x200009fc   Section      380  tim.o(.bss)
    .bss                                     0x20000b78   Section      148  usart.o(.bss)
    .bss                                     0x20000c0c   Section       64  public.o(.bss)
    .bss                                     0x20000c4c   Section       88  current_sample.o(.bss)
    .bss                                     0x20000ca4   Section      100  encoder.o(.bss)
    .bss                                     0x20000d08   Section       48  pwm_ctrl.o(.bss)
    .bss                                     0x20000d38   Section      376  foc_control.o(.bss)
    .bss                                     0x20000eb0   Section      144  motor_run_mode.o(.bss)
    .bss                                     0x20000f40   Section      152  motion_control.o(.bss)
    .bss                                     0x20000fd8   Section      120  param_identify.o(.bss)
    .bss                                     0x20001050   Section       16  my_flash.o(.bss)
    .bss                                     0x20001060   Section      820  ele_angle_adjust.o(.bss)
    .bss                                     0x20001394   Section      424  position_mode_test.o(.bss)
    .noncacheable.bss                        0x2000153c   Section     1208  segger_rtt.o(.noncacheable.bss)
    _acUpBuffer                              0x200015e4   Data        1024  segger_rtt.o(.noncacheable.bss)
    _acDownBuffer                            0x200019e4   Data          16  segger_rtt.o(.noncacheable.bss)
    STACK                                    0x200019f8   Section     1024  startup_stm32g431xx.o(STACK)

    Global Symbols

    Symbol Name                              Value     Ov Type        Size  Object(Section)

    BuildAttributes$$THM_ISAv4$E$P$D$K$B$S$7EM$VFPi3$EXTD16$VFPS$VFMA$PE$A:L22UL41UL21$X:L11$S22US41US21$IEEE1$IW$USESV6$~STKCKD$USESV7$~SHL$OTIME$ROPI$IEEEX$EBA8$MICROLIB$REQ8$PRES8$EABIv2 0x00000000   Number         0  anon$$obj.o ABSOLUTE
    __ARM_use_no_argv                        0x00000000   Number         0  main.o ABSOLUTE
    __arm_fini_                               - Undefined Weak Reference
    __cpp_initialize__aeabi_                  - Undefined Weak Reference
    __cxa_finalize                            - Undefined Weak Reference
    __decompress                              - Undefined Weak Reference
    _clock_init                               - Undefined Weak Reference
    _microlib_exit                            - Undefined Weak Reference
    __Vectors_Size                           0x000001d8   Number         0  startup_stm32g431xx.o ABSOLUTE
    __Vectors                                0x08000000   Data           4  startup_stm32g431xx.o(RESET)
    __Vectors_End                            0x080001d8   Data           0  startup_stm32g431xx.o(RESET)
    __main                                   0x080001d9   Thumb Code     0  entry.o(.ARM.Collect$$$$00000000)
    _main_stk                                0x080001d9   Thumb Code     0  entry2.o(.ARM.Collect$$$$00000001)
    _main_scatterload                        0x080001dd   Thumb Code     0  entry5.o(.ARM.Collect$$$$00000004)
    __main_after_scatterload                 0x080001e1   Thumb Code     0  entry5.o(.ARM.Collect$$$$00000004)
    _main_clock                              0x080001e1   Thumb Code     0  entry7b.o(.ARM.Collect$$$$00000008)
    _main_cpp_init                           0x080001e1   Thumb Code     0  entry8b.o(.ARM.Collect$$$$0000000A)
    _main_init                               0x080001e1   Thumb Code     0  entry9a.o(.ARM.Collect$$$$0000000B)
    __rt_lib_shutdown_fini                   0x080001e9   Thumb Code     0  entry12b.o(.ARM.Collect$$$$0000000E)
    __rt_final_cpp                           0x080001ed   Thumb Code     0  entry10a.o(.ARM.Collect$$$$0000000F)
    __rt_final_exit                          0x080001ed   Thumb Code     0  entry11a.o(.ARM.Collect$$$$00000011)
    Reset_Handler                            0x080001f1   Thumb Code     8  startup_stm32g431xx.o(.text)
    COMP1_2_3_IRQHandler                     0x0800020b   Thumb Code     0  startup_stm32g431xx.o(.text)
    COMP4_IRQHandler                         0x0800020b   Thumb Code     0  startup_stm32g431xx.o(.text)
    CORDIC_IRQHandler                        0x0800020b   Thumb Code     0  startup_stm32g431xx.o(.text)
    CRS_IRQHandler                           0x0800020b   Thumb Code     0  startup_stm32g431xx.o(.text)
    DMA1_Channel1_IRQHandler                 0x0800020b   Thumb Code     0  startup_stm32g431xx.o(.text)
    DMA1_Channel3_IRQHandler                 0x0800020b   Thumb Code     0  startup_stm32g431xx.o(.text)
    DMA1_Channel4_IRQHandler                 0x0800020b   Thumb Code     0  startup_stm32g431xx.o(.text)
    DMA1_Channel5_IRQHandler                 0x0800020b   Thumb Code     0  startup_stm32g431xx.o(.text)
    DMA1_Channel6_IRQHandler                 0x0800020b   Thumb Code     0  startup_stm32g431xx.o(.text)
    DMA2_Channel1_IRQHandler                 0x0800020b   Thumb Code     0  startup_stm32g431xx.o(.text)
    DMA2_Channel2_IRQHandler                 0x0800020b   Thumb Code     0  startup_stm32g431xx.o(.text)
    DMA2_Channel3_IRQHandler                 0x0800020b   Thumb Code     0  startup_stm32g431xx.o(.text)
    DMA2_Channel4_IRQHandler                 0x0800020b   Thumb Code     0  startup_stm32g431xx.o(.text)
    DMA2_Channel5_IRQHandler                 0x0800020b   Thumb Code     0  startup_stm32g431xx.o(.text)
    DMA2_Channel6_IRQHandler                 0x0800020b   Thumb Code     0  startup_stm32g431xx.o(.text)
    DMAMUX_OVR_IRQHandler                    0x0800020b   Thumb Code     0  startup_stm32g431xx.o(.text)
    EXTI0_IRQHandler                         0x0800020b   Thumb Code     0  startup_stm32g431xx.o(.text)
    EXTI15_10_IRQHandler                     0x0800020b   Thumb Code     0  startup_stm32g431xx.o(.text)
    EXTI1_IRQHandler                         0x0800020b   Thumb Code     0  startup_stm32g431xx.o(.text)
    EXTI2_IRQHandler                         0x0800020b   Thumb Code     0  startup_stm32g431xx.o(.text)
    EXTI3_IRQHandler                         0x0800020b   Thumb Code     0  startup_stm32g431xx.o(.text)
    EXTI4_IRQHandler                         0x0800020b   Thumb Code     0  startup_stm32g431xx.o(.text)
    EXTI9_5_IRQHandler                       0x0800020b   Thumb Code     0  startup_stm32g431xx.o(.text)
    FDCAN1_IT0_IRQHandler                    0x0800020b   Thumb Code     0  startup_stm32g431xx.o(.text)
    FDCAN1_IT1_IRQHandler                    0x0800020b   Thumb Code     0  startup_stm32g431xx.o(.text)
    FLASH_IRQHandler                         0x0800020b   Thumb Code     0  startup_stm32g431xx.o(.text)
    FMAC_IRQHandler                          0x0800020b   Thumb Code     0  startup_stm32g431xx.o(.text)
    FPU_IRQHandler                           0x0800020b   Thumb Code     0  startup_stm32g431xx.o(.text)
    I2C1_ER_IRQHandler                       0x0800020b   Thumb Code     0  startup_stm32g431xx.o(.text)
    I2C1_EV_IRQHandler                       0x0800020b   Thumb Code     0  startup_stm32g431xx.o(.text)
    I2C2_ER_IRQHandler                       0x0800020b   Thumb Code     0  startup_stm32g431xx.o(.text)
    I2C2_EV_IRQHandler                       0x0800020b   Thumb Code     0  startup_stm32g431xx.o(.text)
    I2C3_ER_IRQHandler                       0x0800020b   Thumb Code     0  startup_stm32g431xx.o(.text)
    I2C3_EV_IRQHandler                       0x0800020b   Thumb Code     0  startup_stm32g431xx.o(.text)
    LPTIM1_IRQHandler                        0x0800020b   Thumb Code     0  startup_stm32g431xx.o(.text)
    LPUART1_IRQHandler                       0x0800020b   Thumb Code     0  startup_stm32g431xx.o(.text)
    PVD_PVM_IRQHandler                       0x0800020b   Thumb Code     0  startup_stm32g431xx.o(.text)
    RCC_IRQHandler                           0x0800020b   Thumb Code     0  startup_stm32g431xx.o(.text)
    RNG_IRQHandler                           0x0800020b   Thumb Code     0  startup_stm32g431xx.o(.text)
    RTC_Alarm_IRQHandler                     0x0800020b   Thumb Code     0  startup_stm32g431xx.o(.text)
    RTC_TAMP_LSECSS_IRQHandler               0x0800020b   Thumb Code     0  startup_stm32g431xx.o(.text)
    RTC_WKUP_IRQHandler                      0x0800020b   Thumb Code     0  startup_stm32g431xx.o(.text)
    SAI1_IRQHandler                          0x0800020b   Thumb Code     0  startup_stm32g431xx.o(.text)
    SPI1_IRQHandler                          0x0800020b   Thumb Code     0  startup_stm32g431xx.o(.text)
    SPI2_IRQHandler                          0x0800020b   Thumb Code     0  startup_stm32g431xx.o(.text)
    SPI3_IRQHandler                          0x0800020b   Thumb Code     0  startup_stm32g431xx.o(.text)
    TIM1_BRK_TIM15_IRQHandler                0x0800020b   Thumb Code     0  startup_stm32g431xx.o(.text)
    TIM1_CC_IRQHandler                       0x0800020b   Thumb Code     0  startup_stm32g431xx.o(.text)
    TIM1_TRG_COM_TIM17_IRQHandler            0x0800020b   Thumb Code     0  startup_stm32g431xx.o(.text)
    TIM2_IRQHandler                          0x0800020b   Thumb Code     0  startup_stm32g431xx.o(.text)
    TIM3_IRQHandler                          0x0800020b   Thumb Code     0  startup_stm32g431xx.o(.text)
    TIM4_IRQHandler                          0x0800020b   Thumb Code     0  startup_stm32g431xx.o(.text)
    TIM7_IRQHandler                          0x0800020b   Thumb Code     0  startup_stm32g431xx.o(.text)
    TIM8_BRK_IRQHandler                      0x0800020b   Thumb Code     0  startup_stm32g431xx.o(.text)
    TIM8_CC_IRQHandler                       0x0800020b   Thumb Code     0  startup_stm32g431xx.o(.text)
    TIM8_TRG_COM_IRQHandler                  0x0800020b   Thumb Code     0  startup_stm32g431xx.o(.text)
    TIM8_UP_IRQHandler                       0x0800020b   Thumb Code     0  startup_stm32g431xx.o(.text)
    UART4_IRQHandler                         0x0800020b   Thumb Code     0  startup_stm32g431xx.o(.text)
    UCPD1_IRQHandler                         0x0800020b   Thumb Code     0  startup_stm32g431xx.o(.text)
    USART1_IRQHandler                        0x0800020b   Thumb Code     0  startup_stm32g431xx.o(.text)
    USART2_IRQHandler                        0x0800020b   Thumb Code     0  startup_stm32g431xx.o(.text)
    USART3_IRQHandler                        0x0800020b   Thumb Code     0  startup_stm32g431xx.o(.text)
    USBWakeUp_IRQHandler                     0x0800020b   Thumb Code     0  startup_stm32g431xx.o(.text)
    USB_HP_IRQHandler                        0x0800020b   Thumb Code     0  startup_stm32g431xx.o(.text)
    USB_LP_IRQHandler                        0x0800020b   Thumb Code     0  startup_stm32g431xx.o(.text)
    WWDG_IRQHandler                          0x0800020b   Thumb Code     0  startup_stm32g431xx.o(.text)
    arm_cos_f32                              0x08000215   Thumb Code   108  arm_cos_f32.o(.text)
    arm_sin_f32                              0x0800028d   Thumb Code   104  arm_sin_f32.o(.text)
    __aeabi_uldivmod                         0x08000301   Thumb Code    98  uldiv.o(.text)
    __aeabi_memset                           0x08000363   Thumb Code    14  memseta.o(.text)
    __aeabi_memset4                          0x08000363   Thumb Code     0  memseta.o(.text)
    __aeabi_memset8                          0x08000363   Thumb Code     0  memseta.o(.text)
    __aeabi_memclr                           0x08000371   Thumb Code     4  memseta.o(.text)
    __aeabi_memclr4                          0x08000371   Thumb Code     0  memseta.o(.text)
    __aeabi_memclr8                          0x08000371   Thumb Code     0  memseta.o(.text)
    _memset$wrapper                          0x08000375   Thumb Code    18  memseta.o(.text)
    __aeabi_llsl                             0x08000387   Thumb Code    30  llshl.o(.text)
    _ll_shift_l                              0x08000387   Thumb Code     0  llshl.o(.text)
    __aeabi_llsr                             0x080003a5   Thumb Code    32  llushr.o(.text)
    _ll_ushift_r                             0x080003a5   Thumb Code     0  llushr.o(.text)
    __I$use$fp                               0x080003c5   Thumb Code     0  iusefp.o(.text)
    __scatterload                            0x080003c5   Thumb Code    28  init.o(.text)
    __scatterload_rt2                        0x080003c5   Thumb Code     0  init.o(.text)
    ADC1_2_IRQHandler                        0x080003e9   Thumb Code    16  stm32g4xx_it.o(i.ADC1_2_IRQHandler)
    ADC_DMAConvCplt                          0x08000401   Thumb Code   146  stm32g4xx_hal_adc.o(i.ADC_DMAConvCplt)
    ADC_DMAError                             0x08000493   Thumb Code    30  stm32g4xx_hal_adc.o(i.ADC_DMAError)
    ADC_DMAHalfConvCplt                      0x080004b1   Thumb Code    14  stm32g4xx_hal_adc.o(i.ADC_DMAHalfConvCplt)
    ADC_Disable                              0x080004c1   Thumb Code   142  stm32g4xx_hal_adc.o(i.ADC_Disable)
    ADC_Enable                               0x08000555   Thumb Code   182  stm32g4xx_hal_adc.o(i.ADC_Enable)
    Abs_Encoder_Init                         0x0800061d   Thumb Code    12  encoder.o(i.Abs_Encoder_Init)
    Adc_Init                                 0x0800062d   Thumb Code    52  current_sample.o(i.Adc_Init)
    Adc_Value_Get                            0x08000661   Thumb Code    22  current_sample.o(i.Adc_Value_Get)
    All_Peripheral_Init                      0x08000679   Thumb Code    76  system_init.o(i.All_Peripheral_Init)
    All_Pwm_Channel_Init                     0x080006ed   Thumb Code    46  pwm_ctrl.o(i.All_Pwm_Channel_Init)
    All_Variable_Init                        0x08000725   Thumb Code   116  system_init.o(i.All_Variable_Init)
    BusFault_Handler                         0x080007d1   Thumb Code     4  stm32g4xx_it.o(i.BusFault_Handler)
    Change_Run_Mode_Init                     0x080007d5   Thumb Code    40  motor_task.o(i.Change_Run_Mode_Init)
    Current_Cal                              0x08000815   Thumb Code   144  current_sample.o(i.Current_Cal)
    Current_Sample_Init                      0x080008b1   Thumb Code    84  current_sample.o(i.Current_Sample_Init)
    Cycle_Average                            0x0800090d   Thumb Code    44  ele_angle_adjust.o(i.Cycle_Average)
    Cycle_Rem                                0x08000939   Thumb Code    14  ele_angle_adjust.o(i.Cycle_Rem)
    Cycle_Sub                                0x08000947   Thumb Code    26  ele_angle_adjust.o(i.Cycle_Sub)
    DMA1_Channel2_IRQHandler                 0x08000961   Thumb Code    10  stm32g4xx_it.o(i.DMA1_Channel2_IRQHandler)
    DebugMon_Handler                         0x08000a19   Thumb Code     2  stm32g4xx_it.o(i.DebugMon_Handler)
    Encoder_Adjust_Run                       0x08000a1d   Thumb Code    82  param_identify.o(i.Encoder_Adjust_Run)
    Encoder_Data_Get                         0x08000a7d   Thumb Code    76  system_init.o(i.Encoder_Data_Get)
    Encoder_Init                             0x08000ad1   Thumb Code    68  encoder.o(i.Encoder_Init)
    Encoder_Postion_Cal                      0x08000b15   Thumb Code   164  encoder.o(i.Encoder_Postion_Cal)
    Encoder_Postion_Cal_Init                 0x08000bc9   Thumb Code    22  encoder.o(i.Encoder_Postion_Cal_Init)
    Error_Handler                            0x08000be5   Thumb Code     6  main.o(i.Error_Handler)
    FLASH_FlushCaches                        0x08000bed   Thumb Code   110  stm32g4xx_hal_flash_ex.o(i.FLASH_FlushCaches)
    FLASH_PageErase                          0x08000c89   Thumb Code    40  stm32g4xx_hal_flash_ex.o(i.FLASH_PageErase)
    FLASH_WaitForLastOperation               0x08000d1d   Thumb Code   130  stm32g4xx_hal_flash.o(i.FLASH_WaitForLastOperation)
    Flash_Erase                              0x08000da9   Thumb Code    68  my_flash.o(i.Flash_Erase)
    Flash_Erase_Angle_Data                   0x08000df5   Thumb Code    20  my_flash.o(i.Flash_Erase_Angle_Data)
    Flash_Write_Data16                       0x08000e0d   Thumb Code   136  my_flash.o(i.Flash_Write_Data16)
    Flash_Write_Data_Begin                   0x08000ea1   Thumb Code     8  my_flash.o(i.Flash_Write_Data_Begin)
    Flash_Write_Data_End                     0x08000ea9   Thumb Code     8  my_flash.o(i.Flash_Write_Data_End)
    HAL_ADCEx_Calibration_Start              0x08000eb1   Thumb Code   166  stm32g4xx_hal_adc_ex.o(i.HAL_ADCEx_Calibration_Start)
    HAL_ADCEx_EndOfSamplingCallback          0x08000f61   Thumb Code     2  stm32g4xx_hal_adc_ex.o(i.HAL_ADCEx_EndOfSamplingCallback)
    HAL_ADCEx_InjectedConfigChannel          0x08000f65   Thumb Code  1540  stm32g4xx_hal_adc_ex.o(i.HAL_ADCEx_InjectedConfigChannel)
    HAL_ADCEx_InjectedConvCpltCallback       0x08001591   Thumb Code    34  system_it.o(i.HAL_ADCEx_InjectedConvCpltCallback)
    HAL_ADCEx_InjectedQueueOverflowCallback  0x080015c1   Thumb Code     2  stm32g4xx_hal_adc_ex.o(i.HAL_ADCEx_InjectedQueueOverflowCallback)
    HAL_ADCEx_InjectedStart_IT               0x080015c5   Thumb Code   338  stm32g4xx_hal_adc_ex.o(i.HAL_ADCEx_InjectedStart_IT)
    HAL_ADCEx_LevelOutOfWindow2Callback      0x08001721   Thumb Code     2  stm32g4xx_hal_adc_ex.o(i.HAL_ADCEx_LevelOutOfWindow2Callback)
    HAL_ADCEx_LevelOutOfWindow3Callback      0x08001723   Thumb Code     2  stm32g4xx_hal_adc_ex.o(i.HAL_ADCEx_LevelOutOfWindow3Callback)
    HAL_ADCEx_MultiModeConfigChannel         0x08001725   Thumb Code   260  stm32g4xx_hal_adc_ex.o(i.HAL_ADCEx_MultiModeConfigChannel)
    HAL_ADC_ConfigChannel                    0x08001831   Thumb Code  1252  stm32g4xx_hal_adc.o(i.HAL_ADC_ConfigChannel)
    HAL_ADC_ConvCpltCallback                 0x08001d39   Thumb Code     2  stm32g4xx_hal_adc.o(i.HAL_ADC_ConvCpltCallback)
    HAL_ADC_ConvHalfCpltCallback             0x08001d3b   Thumb Code     2  stm32g4xx_hal_adc.o(i.HAL_ADC_ConvHalfCpltCallback)
    HAL_ADC_ErrorCallback                    0x08001d3d   Thumb Code     2  stm32g4xx_hal_adc.o(i.HAL_ADC_ErrorCallback)
    HAL_ADC_IRQHandler                       0x08001d41   Thumb Code   808  stm32g4xx_hal_adc.o(i.HAL_ADC_IRQHandler)
    HAL_ADC_Init                             0x08002071   Thumb Code   576  stm32g4xx_hal_adc.o(i.HAL_ADC_Init)
    HAL_ADC_LevelOutOfWindowCallback         0x080022cd   Thumb Code     2  stm32g4xx_hal_adc.o(i.HAL_ADC_LevelOutOfWindowCallback)
    HAL_ADC_MspInit                          0x080022d1   Thumb Code   460  adc.o(i.HAL_ADC_MspInit)
    HAL_ADC_Start_DMA                        0x080024b9   Thumb Code   254  stm32g4xx_hal_adc.o(i.HAL_ADC_Start_DMA)
    HAL_DMA_IRQHandler                       0x080025cd   Thumb Code   254  stm32g4xx_hal_dma.o(i.HAL_DMA_IRQHandler)
    HAL_DMA_Init                             0x080026cd   Thumb Code   200  stm32g4xx_hal_dma.o(i.HAL_DMA_Init)
    HAL_DMA_Start_IT                         0x0800279d   Thumb Code   194  stm32g4xx_hal_dma.o(i.HAL_DMA_Start_IT)
    HAL_Delay                                0x08002861   Thumb Code    36  stm32g4xx_hal.o(i.HAL_Delay)
    HAL_FLASHEx_Erase                        0x08002889   Thumb Code   248  stm32g4xx_hal_flash_ex.o(i.HAL_FLASHEx_Erase)
    HAL_FLASH_Lock                           0x08002989   Thumb Code    28  stm32g4xx_hal_flash.o(i.HAL_FLASH_Lock)
    HAL_FLASH_Program                        0x080029a9   Thumb Code   182  stm32g4xx_hal_flash.o(i.HAL_FLASH_Program)
    HAL_FLASH_Unlock                         0x08002a69   Thumb Code    36  stm32g4xx_hal_flash.o(i.HAL_FLASH_Unlock)
    HAL_GPIO_Init                            0x08002a99   Thumb Code   428  stm32g4xx_hal_gpio.o(i.HAL_GPIO_Init)
    HAL_GPIO_WritePin                        0x08002c65   Thumb Code    10  stm32g4xx_hal_gpio.o(i.HAL_GPIO_WritePin)
    HAL_GetTick                              0x08002c71   Thumb Code     6  stm32g4xx_hal.o(i.HAL_GetTick)
    HAL_IncTick                              0x08002c7d   Thumb Code    16  stm32g4xx_hal.o(i.HAL_IncTick)
    HAL_Init                                 0x08002c95   Thumb Code    30  stm32g4xx_hal.o(i.HAL_Init)
    HAL_InitTick                             0x08002cb5   Thumb Code    74  stm32g4xx_hal.o(i.HAL_InitTick)
    HAL_MspInit                              0x08002d0d   Thumb Code    62  stm32g4xx_hal_msp.o(i.HAL_MspInit)
    HAL_NVIC_EnableIRQ                       0x08002d51   Thumb Code    40  stm32g4xx_hal_cortex.o(i.HAL_NVIC_EnableIRQ)
    HAL_NVIC_SetPriority                     0x08002d79   Thumb Code   122  stm32g4xx_hal_cortex.o(i.HAL_NVIC_SetPriority)
    HAL_NVIC_SetPriorityGrouping             0x08002df5   Thumb Code    32  stm32g4xx_hal_cortex.o(i.HAL_NVIC_SetPriorityGrouping)
    HAL_PWREx_ControlVoltageScaling          0x08002e1d   Thumb Code   268  stm32g4xx_hal_pwr_ex.o(i.HAL_PWREx_ControlVoltageScaling)
    HAL_PWREx_DisableUCPDDeadBattery         0x08002f35   Thumb Code    14  stm32g4xx_hal_pwr_ex.o(i.HAL_PWREx_DisableUCPDDeadBattery)
    HAL_RCCEx_PeriphCLKConfig                0x08002f49   Thumb Code   872  stm32g4xx_hal_rcc_ex.o(i.HAL_RCCEx_PeriphCLKConfig)
    HAL_RCC_ClockConfig                      0x080032b9   Thumb Code   522  stm32g4xx_hal_rcc.o(i.HAL_RCC_ClockConfig)
    HAL_RCC_GetHCLKFreq                      0x080034dd   Thumb Code     6  stm32g4xx_hal_rcc.o(i.HAL_RCC_GetHCLKFreq)
    HAL_RCC_GetPCLK1Freq                     0x080034e9   Thumb Code    26  stm32g4xx_hal_rcc.o(i.HAL_RCC_GetPCLK1Freq)
    HAL_RCC_GetPCLK2Freq                     0x0800350d   Thumb Code    26  stm32g4xx_hal_rcc.o(i.HAL_RCC_GetPCLK2Freq)
    HAL_RCC_GetSysClockFreq                  0x08003531   Thumb Code   138  stm32g4xx_hal_rcc.o(i.HAL_RCC_GetSysClockFreq)
    HAL_RCC_OscConfig                        0x080035c9   Thumb Code  1360  stm32g4xx_hal_rcc.o(i.HAL_RCC_OscConfig)
    HAL_SPI_Init                             0x08003b25   Thumb Code   252  stm32g4xx_hal_spi.o(i.HAL_SPI_Init)
    HAL_SPI_MspInit                          0x08003c21   Thumb Code   110  spi.o(i.HAL_SPI_MspInit)
    HAL_SPI_TransmitReceive                  0x08003c9d   Thumb Code   730  stm32g4xx_hal_spi.o(i.HAL_SPI_TransmitReceive)
    HAL_SYSTICK_Config                       0x08003f77   Thumb Code    52  stm32g4xx_hal_cortex.o(i.HAL_SYSTICK_Config)
    HAL_TIMEx_Break2Callback                 0x08003fab   Thumb Code     2  stm32g4xx_hal_tim_ex.o(i.HAL_TIMEx_Break2Callback)
    HAL_TIMEx_BreakCallback                  0x08003fad   Thumb Code     2  stm32g4xx_hal_tim_ex.o(i.HAL_TIMEx_BreakCallback)
    HAL_TIMEx_CommutCallback                 0x08003faf   Thumb Code     2  stm32g4xx_hal_tim_ex.o(i.HAL_TIMEx_CommutCallback)
    HAL_TIMEx_ConfigBreakDeadTime            0x08003fb1   Thumb Code   192  stm32g4xx_hal_tim_ex.o(i.HAL_TIMEx_ConfigBreakDeadTime)
    HAL_TIMEx_DirectionChangeCallback        0x08004079   Thumb Code     2  stm32g4xx_hal_tim_ex.o(i.HAL_TIMEx_DirectionChangeCallback)
    HAL_TIMEx_EncoderIndexCallback           0x0800407b   Thumb Code     2  stm32g4xx_hal_tim_ex.o(i.HAL_TIMEx_EncoderIndexCallback)
    HAL_TIMEx_IndexErrorCallback             0x0800407d   Thumb Code     2  stm32g4xx_hal_tim_ex.o(i.HAL_TIMEx_IndexErrorCallback)
    HAL_TIMEx_MasterConfigSynchronization    0x08004081   Thumb Code   158  stm32g4xx_hal_tim_ex.o(i.HAL_TIMEx_MasterConfigSynchronization)
    HAL_TIMEx_TransitionErrorCallback        0x08004139   Thumb Code     2  stm32g4xx_hal_tim_ex.o(i.HAL_TIMEx_TransitionErrorCallback)
    HAL_TIM_Base_Init                        0x0800413b   Thumb Code   110  stm32g4xx_hal_tim.o(i.HAL_TIM_Base_Init)
    HAL_TIM_Base_MspInit                     0x080041a9   Thumb Code   184  tim.o(i.HAL_TIM_Base_MspInit)
    HAL_TIM_Base_Start                       0x08004275   Thumb Code   118  stm32g4xx_hal_tim.o(i.HAL_TIM_Base_Start)
    HAL_TIM_Base_Start_IT                    0x08004305   Thumb Code   130  stm32g4xx_hal_tim.o(i.HAL_TIM_Base_Start_IT)
    HAL_TIM_ConfigClockSource                0x080043a1   Thumb Code   300  stm32g4xx_hal_tim.o(i.HAL_TIM_ConfigClockSource)
    HAL_TIM_Encoder_Init                     0x080044d5   Thumb Code   198  stm32g4xx_hal_tim.o(i.HAL_TIM_Encoder_Init)
    HAL_TIM_Encoder_MspInit                  0x080045a1   Thumb Code   166  tim.o(i.HAL_TIM_Encoder_MspInit)
    HAL_TIM_IC_CaptureCallback               0x08004651   Thumb Code     2  stm32g4xx_hal_tim.o(i.HAL_TIM_IC_CaptureCallback)
    HAL_TIM_IC_ConfigChannel                 0x08004653   Thumb Code   222  stm32g4xx_hal_tim.o(i.HAL_TIM_IC_ConfigChannel)
    HAL_TIM_IC_Init                          0x08004731   Thumb Code   110  stm32g4xx_hal_tim.o(i.HAL_TIM_IC_Init)
    HAL_TIM_IC_MspInit                       0x0800479f   Thumb Code     2  stm32g4xx_hal_tim.o(i.HAL_TIM_IC_MspInit)
    HAL_TIM_IC_Start_IT                      0x080047a1   Thumb Code   408  stm32g4xx_hal_tim.o(i.HAL_TIM_IC_Start_IT)
    HAL_TIM_IRQHandler                       0x08004951   Thumb Code   544  stm32g4xx_hal_tim.o(i.HAL_TIM_IRQHandler)
    HAL_TIM_MspPostInit                      0x08004b71   Thumb Code    80  tim.o(i.HAL_TIM_MspPostInit)
    HAL_TIM_OC_DelayElapsedCallback          0x08004bcd   Thumb Code     2  stm32g4xx_hal_tim.o(i.HAL_TIM_OC_DelayElapsedCallback)
    HAL_TIM_PWM_ConfigChannel                0x08004bcf   Thumb Code   368  stm32g4xx_hal_tim.o(i.HAL_TIM_PWM_ConfigChannel)
    HAL_TIM_PWM_Init                         0x08004d3f   Thumb Code   110  stm32g4xx_hal_tim.o(i.HAL_TIM_PWM_Init)
    HAL_TIM_PWM_MspInit                      0x08004dad   Thumb Code     2  stm32g4xx_hal_tim.o(i.HAL_TIM_PWM_MspInit)
    HAL_TIM_PWM_PulseFinishedCallback        0x08004daf   Thumb Code     2  stm32g4xx_hal_tim.o(i.HAL_TIM_PWM_PulseFinishedCallback)
    HAL_TIM_PWM_Start                        0x08004db1   Thumb Code   298  stm32g4xx_hal_tim.o(i.HAL_TIM_PWM_Start)
    HAL_TIM_PeriodElapsedCallback            0x08004efd   Thumb Code     2  stm32g4xx_hal_tim.o(i.HAL_TIM_PeriodElapsedCallback)
    HAL_TIM_SlaveConfigSynchro               0x08004eff   Thumb Code   108  stm32g4xx_hal_tim.o(i.HAL_TIM_SlaveConfigSynchro)
    HAL_TIM_TriggerCallback                  0x08004f6b   Thumb Code     2  stm32g4xx_hal_tim.o(i.HAL_TIM_TriggerCallback)
    HAL_UARTEx_DisableFifoMode               0x08004f6d   Thumb Code    78  stm32g4xx_hal_uart_ex.o(i.HAL_UARTEx_DisableFifoMode)
    HAL_UARTEx_SetRxFifoThreshold            0x08004fbb   Thumb Code    94  stm32g4xx_hal_uart_ex.o(i.HAL_UARTEx_SetRxFifoThreshold)
    HAL_UARTEx_SetTxFifoThreshold            0x08005019   Thumb Code    94  stm32g4xx_hal_uart_ex.o(i.HAL_UARTEx_SetTxFifoThreshold)
    HAL_UART_Init                            0x08005077   Thumb Code   120  stm32g4xx_hal_uart.o(i.HAL_UART_Init)
    HAL_UART_MspInit                         0x080050f1   Thumb Code   134  usart.o(i.HAL_UART_MspInit)
    HardFault_Handler                        0x08005185   Thumb Code     4  stm32g4xx_it.o(i.HardFault_Handler)
    IPack_Transform                          0x08005189   Thumb Code    58  transform.o(i.IPack_Transform)
    Internally_Specified                     0x080051c5   Thumb Code   514  motion_control.o(i.Internally_Specified)
    MX_ADC1_Init                             0x08005565   Thumb Code   256  adc.o(i.MX_ADC1_Init)
    MX_ADC2_Init                             0x08005675   Thumb Code   148  adc.o(i.MX_ADC2_Init)
    MX_DMA_Init                              0x08005715   Thumb Code    74  dma.o(i.MX_DMA_Init)
    MX_GPIO_Init                             0x08005765   Thumb Code   218  gpio.o(i.MX_GPIO_Init)
    MX_SPI2_Init                             0x0800584d   Thumb Code    76  spi.o(i.MX_SPI2_Init)
    MX_TIM1_Init                             0x080058a1   Thumb Code   282  tim.o(i.MX_TIM1_Init)
    MX_TIM2_Init                             0x080059c5   Thumb Code   128  tim.o(i.MX_TIM2_Init)
    MX_TIM3_Init                             0x08005a49   Thumb Code   154  tim.o(i.MX_TIM3_Init)
    MX_TIM4_Init                             0x08005aed   Thumb Code   102  tim.o(i.MX_TIM4_Init)
    MX_TIM6_Init                             0x08005b5d   Thumb Code    68  tim.o(i.MX_TIM6_Init)
    MX_USART1_UART_Init                      0x08005ba9   Thumb Code    96  usart.o(i.MX_USART1_UART_Init)
    MemManage_Handler                        0x08005c15   Thumb Code     4  stm32g4xx_it.o(i.MemManage_Handler)
    Micro_Varible_Init                       0x08005c19   Thumb Code    70  public.o(i.Micro_Varible_Init)
    Motion_Control_Init                      0x08005c65   Thumb Code    84  motion_control.o(i.Motion_Control_Init)
    Motor_Adjust                             0x08005cc1   Thumb Code   384  ele_angle_adjust.o(i.Motor_Adjust)
    Motor_Adjust_Data_Cal                    0x08005e51   Thumb Code   456  ele_angle_adjust.o(i.Motor_Adjust_Data_Cal)
    Motor_Control_Init                       0x08006021   Thumb Code   316  foc_control.o(i.Motor_Control_Init)
    Motor_Open_Run                           0x08006175   Thumb Code   134  ele_angle_adjust.o(i.Motor_Open_Run)
    Motor_Run_Task                           0x0800620d   Thumb Code   626  motor_task.o(i.Motor_Run_Task)
    NMI_Handler                              0x080064a5   Thumb Code     4  stm32g4xx_it.o(i.NMI_Handler)
    PWM_OUT_ON                               0x080064a9   Thumb Code    38  pwm_ctrl.o(i.PWM_OUT_ON)
    Pack_Transform                           0x080064cf   Thumb Code    58  transform.o(i.Pack_Transform)
    Param_Ident                              0x08006509   Thumb Code   888  param_identify.o(i.Param_Ident)
    Param_Ident_Init                         0x080068b1   Thumb Code   190  param_identify.o(i.Param_Ident_Init)
    PendSV_Handler                           0x08006979   Thumb Code     2  stm32g4xx_it.o(i.PendSV_Handler)
    Pid_Control_Cal                          0x0800697d   Thumb Code   206  pid_control.o(i.Pid_Control_Cal)
    Pid_Control_Init                         0x08006a51   Thumb Code    42  pid_control.o(i.Pid_Control_Init)
    Position_Control_Cal                     0x08006a81   Thumb Code   282  motion_control.o(i.Position_Control_Cal)
    Position_Control_Init                    0x08006ba9   Thumb Code    98  motion_control.o(i.Position_Control_Init)
    Position_Loop_Cal                        0x08006c19   Thumb Code    68  motor_run_mode.o(i.Position_Loop_Cal)
    Position_Loop_Cal_Init                   0x08006c61   Thumb Code   106  motor_run_mode.o(i.Position_Loop_Cal_Init)
    Position_Mode_Test_Cal                   0x08006ce5   Thumb Code   166  position_mode_test.o(i.Position_Mode_Test_Cal)
    Position_Motion_Comb_Init                0x08006d8d   Thumb Code   132  position_mode_test.o(i.Position_Motion_Comb_Init)
    Position_Pulse_Set                       0x08006e49   Thumb Code   544  motion_control.o(i.Position_Pulse_Set)
    Position_Sequence_Init                   0x08007079   Thumb Code   806  position_mode_test.o(i.Position_Sequence_Init)
    Pulse_Command_Cal                        0x080073b5   Thumb Code   210  motion_control.o(i.Pulse_Command_Cal)
    Pwm_Init                                 0x08007491   Thumb Code   444  foc_control.o(i.Pwm_Init)
    Rtc_Temperature_Cal                      0x080076b9   Thumb Code   136  current_sample.o(i.Rtc_Temperature_Cal)
    Rtc_Temperature_Init                     0x08007749   Thumb Code    62  current_sample.o(i.Rtc_Temperature_Init)
    SEGGER_RTT_ConfigUpBuffer                0x08007799   Thumb Code   112  segger_rtt.o(i.SEGGER_RTT_ConfigUpBuffer)
    SVC_Handler                              0x08007a41   Thumb Code     2  stm32g4xx_it.o(i.SVC_Handler)
    Speed_Feedback_Cal                       0x08007a45   Thumb Code   326  encoder.o(i.Speed_Feedback_Cal)
    Speed_Feedback_Cal_Init                  0x08007bc1   Thumb Code   118  encoder.o(i.Speed_Feedback_Cal_Init)
    Speed_Loop_Cal                           0x08007c3d   Thumb Code    76  motor_run_mode.o(i.Speed_Loop_Cal)
    Speed_Loop_Cal_Init                      0x08007c91   Thumb Code    76  motor_run_mode.o(i.Speed_Loop_Cal_Init)
    Step_Motor_Run_Current_Loop              0x08007cf1   Thumb Code   124  motor_run_mode.o(i.Step_Motor_Run_Current_Loop)
    Step_Motor_Run_Open_Loop                 0x08007d81   Thumb Code   108  motor_run_mode.o(i.Step_Motor_Run_Open_Loop)
    Step_Motor_Run_Pos_Current_Loop          0x08007e01   Thumb Code   172  motor_run_mode.o(i.Step_Motor_Run_Pos_Current_Loop)
    Step_Motor_Run_Pos_Speed_Current_Loop    0x08007ec9   Thumb Code   324  motor_run_mode.o(i.Step_Motor_Run_Pos_Speed_Current_Loop)
    Step_Motor_Run_Speed_Current_Loop        0x08008039   Thumb Code   198  motor_run_mode.o(i.Step_Motor_Run_Speed_Current_Loop)
    Step_Vector_Curr_Control                 0x08008121   Thumb Code  1124  foc_control.o(i.Step_Vector_Curr_Control)
    SysTick_Handler                          0x08008585   Thumb Code     8  stm32g4xx_it.o(i.SysTick_Handler)
    SystemClock_Config                       0x0800858d   Thumb Code   108  main.o(i.SystemClock_Config)
    SystemInit                               0x080085f9   Thumb Code    14  system_stm32g4xx.o(i.SystemInit)
    System_Run_Param_Init                    0x0800860d   Thumb Code    76  public.o(i.System_Run_Param_Init)
    TIM1_UP_TIM16_IRQHandler                 0x08008669   Thumb Code    10  stm32g4xx_it.o(i.TIM1_UP_TIM16_IRQHandler)
    TIM6_DAC_IRQHandler                      0x08008679   Thumb Code    10  stm32g4xx_it.o(i.TIM6_DAC_IRQHandler)
    TIM_Base_SetConfig                       0x08008689   Thumb Code   174  stm32g4xx_hal_tim.o(i.TIM_Base_SetConfig)
    TIM_CCxChannelCmd                        0x08008755   Thumb Code    34  stm32g4xx_hal_tim.o(i.TIM_CCxChannelCmd)
    TIM_ETR_SetConfig                        0x08008777   Thumb Code    22  stm32g4xx_hal_tim.o(i.TIM_ETR_SetConfig)
    TIM_OC2_SetConfig                        0x08008851   Thumb Code   156  stm32g4xx_hal_tim.o(i.TIM_OC2_SetConfig)
    TIM_TI1_SetConfig                        0x08008c79   Thumb Code   102  stm32g4xx_hal_tim.o(i.TIM_TI1_SetConfig)
    UART_AdvFeatureConfig                    0x08008e25   Thumb Code   248  stm32g4xx_hal_uart.o(i.UART_AdvFeatureConfig)
    UART_CheckIdleState                      0x08008f1d   Thumb Code   234  stm32g4xx_hal_uart.o(i.UART_CheckIdleState)
    UART_SetConfig                           0x08009075   Thumb Code   858  stm32g4xx_hal_uart.o(i.UART_SetConfig)
    UART_WaitOnFlagUntilTimeout              0x080093f9   Thumb Code   172  stm32g4xx_hal_uart.o(i.UART_WaitOnFlagUntilTimeout)
    UsageFault_Handler                       0x080094a5   Thumb Code     4  stm32g4xx_it.o(i.UsageFault_Handler)
    Voltage_Ref_Cal                          0x080094a9   Thumb Code   192  current_sample.o(i.Voltage_Ref_Cal)
    Voltage_Value_Cal                        0x0800957d   Thumb Code   258  current_sample.o(i.Voltage_Value_Cal)
    __hardfp_logf                            0x08009745   Thumb Code   320  logf.o(i.__hardfp_logf)
    __mathlib_logf                           0x08009745   Thumb Code     0  logf.o(i.__hardfp_logf)
    __mathlib_flt_divzero                    0x080098b1   Thumb Code    14  funder.o(i.__mathlib_flt_divzero)
    __mathlib_flt_infnan                     0x080098c5   Thumb Code     6  funder.o(i.__mathlib_flt_infnan)
    __mathlib_flt_invalid                    0x080098cd   Thumb Code    10  funder.o(i.__mathlib_flt_invalid)
    __scatterload_copy                       0x080098dd   Thumb Code    14  handlers.o(i.__scatterload_copy)
    __scatterload_null                       0x080098eb   Thumb Code     2  handlers.o(i.__scatterload_null)
    __scatterload_zeroinit                   0x080098ed   Thumb Code    14  handlers.o(i.__scatterload_zeroinit)
    __set_errno                              0x080098fd   Thumb Code     6  errno.o(i.__set_errno)
    main                                     0x08009909   Thumb Code    90  main.o(i.main)
    sat                                      0x08009981   Thumb Code    42  public.o(i.sat)
    thetafrac                                0x080099ab   Thumb Code    22  public.o(i.thetafrac)
    UARTPrescTable                           0x080099c0   Data          24  stm32g4xx_hal_uart.o(.constdata)
    AHBPrescTable                            0x080099e8   Data          16  system_stm32g4xx.o(.constdata)
    APBPrescTable                            0x080099f8   Data           8  system_stm32g4xx.o(.constdata)
    sinTable_f32                             0x08009a14   Data        2052  arm_common_tables.o(.constdata)
    Region$$Table$$Base                      0x0800a258   Number         0  anon$$obj.o(Region$$Table)
    Region$$Table$$Limit                     0x0800a278   Number         0  anon$$obj.o(Region$$Table)
    uwTick                                   0x20000004   Data           4  stm32g4xx_hal.o(.data)
    uwTickPrio                               0x20000008   Data           4  stm32g4xx_hal.o(.data)
    uwTickFreq                               0x2000000c   Data           4  stm32g4xx_hal.o(.data)
    pFlash                                   0x20000010   Data          32  stm32g4xx_hal_flash.o(.data)
    SystemCoreClock                          0x20000030   Data           4  system_stm32g4xx.o(.data)
    spend_time                               0x20000034   Data           2  system_it.o(.data)
    ele_angle_flash                          0x2000003c   Data           4  encoder.o(.data)
    temp_end_flag                            0x20000048   Data           1  motion_control.o(.data)
    cnt_temp                                 0x2000004a   Data           2  motion_control.o(.data)
    pBuffer                                  0x2000004c   Data           8  my_flash.o(.data)
    buf                                      0x20000060   Data        2048  main.o(.bss)
    hadc1                                    0x20000860   Data         108  adc.o(.bss)
    hadc2                                    0x200008cc   Data         108  adc.o(.bss)
    hdma_adc1                                0x20000938   Data          96  adc.o(.bss)
    hspi2                                    0x20000998   Data         100  spi.o(.bss)
    htim1                                    0x200009fc   Data          76  tim.o(.bss)
    htim2                                    0x20000a48   Data          76  tim.o(.bss)
    htim3                                    0x20000a94   Data          76  tim.o(.bss)
    htim4                                    0x20000ae0   Data          76  tim.o(.bss)
    htim6                                    0x20000b2c   Data          76  tim.o(.bss)
    huart1                                   0x20000b78   Data         148  usart.o(.bss)
    micro_varible                            0x20000c0c   Data          24  public.o(.bss)
    run_param                                0x20000c24   Data          40  public.o(.bss)
    current_sample                           0x20000c4c   Data          56  current_sample.o(.bss)
    rtc_temp                                 0x20000c84   Data          32  current_sample.o(.bss)
    encoder                                  0x20000ca4   Data          68  encoder.o(.bss)
    encoder_position                         0x20000ce8   Data          32  encoder.o(.bss)
    all_channel                              0x20000d08   Data          48  pwm_ctrl.o(.bss)
    motor_control                            0x20000d38   Data         176  foc_control.o(.bss)
    pid_handle_d                             0x20000de8   Data          44  foc_control.o(.bss)
    pid_handle_q                             0x20000e14   Data          44  foc_control.o(.bss)
    pid_handle_alpha                         0x20000e40   Data          44  foc_control.o(.bss)
    pid_handle_beta                          0x20000e6c   Data          44  foc_control.o(.bss)
    pack_handle                              0x20000e98   Data          24  foc_control.o(.bss)
    speed_loop                               0x20000eb0   Data          28  motor_run_mode.o(.bss)
    position_loop                            0x20000ecc   Data          28  motor_run_mode.o(.bss)
    pid_handle_speed_loop                    0x20000ee8   Data          44  motor_run_mode.o(.bss)
    pid_handle_position_loop                 0x20000f14   Data          44  motor_run_mode.o(.bss)
    position_control                         0x20000f40   Data          68  motion_control.o(.bss)
    motion_control                           0x20000f84   Data          84  motion_control.o(.bss)
    param_ident                              0x20000fd8   Data          96  param_identify.o(.bss)
    ident_pack_handle                        0x20001038   Data          24  param_identify.o(.bss)
    erase_struct                             0x20001050   Data          16  my_flash.o(.bss)
    ele_angle_adjust                         0x20001060   Data         820  ele_angle_adjust.o(.bss)
    motion_comb                              0x20001394   Data         424  position_mode_test.o(.bss)
    _SEGGER_RTT                              0x2000153c   Data         168  segger_rtt.o(.noncacheable.bss)
    __initial_sp                             0x20001df8   Data           0  startup_stm32g431xx.o(STACK)



==============================================================================

Memory Map of the image

  Image Entry point : 0x080001d9

  Load Region LR_IROM1 (Base: 0x08000000, Size: 0x0000a2d8, Max: 0x00020000, ABSOLUTE)

    Execution Region ER_IROM1 (Exec base: 0x08000000, Load base: 0x08000000, Size: 0x0000a278, Max: 0x00020000, ABSOLUTE)

    Exec Addr    Load Addr    Size         Type   Attr      Idx    E Section Name        Object

    0x08000000   0x08000000   0x000001d8   Data   RO            3    RESET               startup_stm32g431xx.o
    0x080001d8   0x080001d8   0x00000000   Code   RO         6096  * .ARM.Collect$$$$00000000  mc_w.l(entry.o)
    0x080001d8   0x080001d8   0x00000004   Code   RO         6123    .ARM.Collect$$$$00000001  mc_w.l(entry2.o)
    0x080001dc   0x080001dc   0x00000004   Code   RO         6126    .ARM.Collect$$$$00000004  mc_w.l(entry5.o)
    0x080001e0   0x080001e0   0x00000000   Code   RO         6128    .ARM.Collect$$$$00000008  mc_w.l(entry7b.o)
    0x080001e0   0x080001e0   0x00000000   Code   RO         6130    .ARM.Collect$$$$0000000A  mc_w.l(entry8b.o)
    0x080001e0   0x080001e0   0x00000008   Code   RO         6131    .ARM.Collect$$$$0000000B  mc_w.l(entry9a.o)
    0x080001e8   0x080001e8   0x00000004   Code   RO         6138    .ARM.Collect$$$$0000000E  mc_w.l(entry12b.o)
    0x080001ec   0x080001ec   0x00000000   Code   RO         6133    .ARM.Collect$$$$0000000F  mc_w.l(entry10a.o)
    0x080001ec   0x080001ec   0x00000000   Code   RO         6135    .ARM.Collect$$$$00000011  mc_w.l(entry11a.o)
    0x080001ec   0x080001ec   0x00000004   Code   RO         6124    .ARM.Collect$$$$00002712  mc_w.l(entry2.o)
    0x080001f0   0x080001f0   0x00000024   Code   RO            4    .text               startup_stm32g431xx.o
    0x08000214   0x08000214   0x00000078   Code   RO         5926    .text               arm_cortexM4lf_math.lib(arm_cos_f32.o)
    0x0800028c   0x0800028c   0x00000074   Code   RO         5979    .text               arm_cortexM4lf_math.lib(arm_sin_f32.o)
    0x08000300   0x08000300   0x00000062   Code   RO         6099    .text               mc_w.l(uldiv.o)
    0x08000362   0x08000362   0x00000024   Code   RO         6103    .text               mc_w.l(memseta.o)
    0x08000386   0x08000386   0x0000001e   Code   RO         6139    .text               mc_w.l(llshl.o)
    0x080003a4   0x080003a4   0x00000020   Code   RO         6141    .text               mc_w.l(llushr.o)
    0x080003c4   0x080003c4   0x00000000   Code   RO         6150    .text               mc_w.l(iusefp.o)
    0x080003c4   0x080003c4   0x00000024   Code   RO         6151    .text               mc_w.l(init.o)
    0x080003e8   0x080003e8   0x00000018   Code   RO          490    i.ADC1_2_IRQHandler  stm32g4xx_it.o
    0x08000400   0x08000400   0x00000092   Code   RO          615    i.ADC_DMAConvCplt   stm32g4xx_hal_adc.o
    0x08000492   0x08000492   0x0000001e   Code   RO          616    i.ADC_DMAError      stm32g4xx_hal_adc.o
    0x080004b0   0x080004b0   0x0000000e   Code   RO          617    i.ADC_DMAHalfConvCplt  stm32g4xx_hal_adc.o
    0x080004be   0x080004be   0x00000002   PAD
    0x080004c0   0x080004c0   0x00000094   Code   RO          618    i.ADC_Disable       stm32g4xx_hal_adc.o
    0x08000554   0x08000554   0x000000c8   Code   RO          619    i.ADC_Enable        stm32g4xx_hal_adc.o
    0x0800061c   0x0800061c   0x00000010   Code   RO         5027    i.Abs_Encoder_Init  encoder.o
    0x0800062c   0x0800062c   0x00000034   Code   RO         4947    i.Adc_Init          current_sample.o
    0x08000660   0x08000660   0x00000016   Code   RO         4948    i.Adc_Value_Get     current_sample.o
    0x08000676   0x08000676   0x00000002   PAD
    0x08000678   0x08000678   0x00000074   Code   RO         4836    i.All_Peripheral_Init  system_init.o
    0x080006ec   0x080006ec   0x00000038   Code   RO         5094    i.All_Pwm_Channel_Init  pwm_ctrl.o
    0x08000724   0x08000724   0x000000ac   Code   RO         4837    i.All_Variable_Init  system_init.o
    0x080007d0   0x080007d0   0x00000004   Code   RO          491    i.BusFault_Handler  stm32g4xx_it.o
    0x080007d4   0x080007d4   0x00000040   Code   RO         5136    i.Change_Run_Mode_Init  motor_task.o
    0x08000814   0x08000814   0x0000009c   Code   RO         4949    i.Current_Cal       current_sample.o
    0x080008b0   0x080008b0   0x0000005c   Code   RO         4950    i.Current_Sample_Init  current_sample.o
    0x0800090c   0x0800090c   0x0000002c   Code   RO         5546    i.Cycle_Average     ele_angle_adjust.o
    0x08000938   0x08000938   0x0000000e   Code   RO         5547    i.Cycle_Rem         ele_angle_adjust.o
    0x08000946   0x08000946   0x0000001a   Code   RO         5548    i.Cycle_Sub         ele_angle_adjust.o
    0x08000960   0x08000960   0x00000010   Code   RO          492    i.DMA1_Channel2_IRQHandler  stm32g4xx_it.o
    0x08000970   0x08000970   0x00000044   Code   RO         2037    i.DMA_CalcDMAMUXChannelBaseAndMask  stm32g4xx_hal_dma.o
    0x080009b4   0x080009b4   0x00000024   Code   RO         2038    i.DMA_CalcDMAMUXRequestGenBaseAndMask  stm32g4xx_hal_dma.o
    0x080009d8   0x080009d8   0x00000040   Code   RO         2039    i.DMA_SetConfig     stm32g4xx_hal_dma.o
    0x08000a18   0x08000a18   0x00000002   Code   RO          493    i.DebugMon_Handler  stm32g4xx_it.o
    0x08000a1a   0x08000a1a   0x00000002   PAD
    0x08000a1c   0x08000a1c   0x00000060   Code   RO         5371    i.Encoder_Adjust_Run  param_identify.o
    0x08000a7c   0x08000a7c   0x00000054   Code   RO         4838    i.Encoder_Data_Get  system_init.o
    0x08000ad0   0x08000ad0   0x00000044   Code   RO         5029    i.Encoder_Init      encoder.o
    0x08000b14   0x08000b14   0x000000b4   Code   RO         5030    i.Encoder_Postion_Cal  encoder.o
    0x08000bc8   0x08000bc8   0x0000001c   Code   RO         5031    i.Encoder_Postion_Cal_Init  encoder.o
    0x08000be4   0x08000be4   0x00000006   Code   RO           13    i.Error_Handler     main.o
    0x08000bea   0x08000bea   0x00000002   PAD
    0x08000bec   0x08000bec   0x00000078   Code   RO         1732    i.FLASH_FlushCaches  stm32g4xx_hal_flash_ex.o
    0x08000c64   0x08000c64   0x00000024   Code   RO         1733    i.FLASH_MassErase   stm32g4xx_hal_flash_ex.o
    0x08000c88   0x08000c88   0x0000002c   Code   RO         1746    i.FLASH_PageErase   stm32g4xx_hal_flash_ex.o
    0x08000cb4   0x08000cb4   0x00000028   Code   RO         1623    i.FLASH_Program_DoubleWord  stm32g4xx_hal_flash.o
    0x08000cdc   0x08000cdc   0x00000040   Code   RO         1624    i.FLASH_Program_Fast  stm32g4xx_hal_flash.o
    0x08000d1c   0x08000d1c   0x0000008c   Code   RO         1625    i.FLASH_WaitForLastOperation  stm32g4xx_hal_flash.o
    0x08000da8   0x08000da8   0x0000004c   Code   RO         5479    i.Flash_Erase       my_flash.o
    0x08000df4   0x08000df4   0x00000018   Code   RO         5480    i.Flash_Erase_Angle_Data  my_flash.o
    0x08000e0c   0x08000e0c   0x00000094   Code   RO         5482    i.Flash_Write_Data16  my_flash.o
    0x08000ea0   0x08000ea0   0x00000008   Code   RO         5483    i.Flash_Write_Data_Begin  my_flash.o
    0x08000ea8   0x08000ea8   0x00000008   Code   RO         5484    i.Flash_Write_Data_End  my_flash.o
    0x08000eb0   0x08000eb0   0x000000b0   Code   RO          892    i.HAL_ADCEx_Calibration_Start  stm32g4xx_hal_adc_ex.o
    0x08000f60   0x08000f60   0x00000002   Code   RO          896    i.HAL_ADCEx_EndOfSamplingCallback  stm32g4xx_hal_adc_ex.o
    0x08000f62   0x08000f62   0x00000002   PAD
    0x08000f64   0x08000f64   0x0000062c   Code   RO          898    i.HAL_ADCEx_InjectedConfigChannel  stm32g4xx_hal_adc_ex.o
    0x08001590   0x08001590   0x00000030   Code   RO         4910    i.HAL_ADCEx_InjectedConvCpltCallback  system_it.o
    0x080015c0   0x080015c0   0x00000002   Code   RO          902    i.HAL_ADCEx_InjectedQueueOverflowCallback  stm32g4xx_hal_adc_ex.o
    0x080015c2   0x080015c2   0x00000002   PAD
    0x080015c4   0x080015c4   0x0000015c   Code   RO          904    i.HAL_ADCEx_InjectedStart_IT  stm32g4xx_hal_adc_ex.o
    0x08001720   0x08001720   0x00000002   Code   RO          907    i.HAL_ADCEx_LevelOutOfWindow2Callback  stm32g4xx_hal_adc_ex.o
    0x08001722   0x08001722   0x00000002   Code   RO          908    i.HAL_ADCEx_LevelOutOfWindow3Callback  stm32g4xx_hal_adc_ex.o
    0x08001724   0x08001724   0x0000010c   Code   RO          909    i.HAL_ADCEx_MultiModeConfigChannel  stm32g4xx_hal_adc_ex.o
    0x08001830   0x08001830   0x00000508   Code   RO          621    i.HAL_ADC_ConfigChannel  stm32g4xx_hal_adc.o
    0x08001d38   0x08001d38   0x00000002   Code   RO          622    i.HAL_ADC_ConvCpltCallback  stm32g4xx_hal_adc.o
    0x08001d3a   0x08001d3a   0x00000002   Code   RO          623    i.HAL_ADC_ConvHalfCpltCallback  stm32g4xx_hal_adc.o
    0x08001d3c   0x08001d3c   0x00000002   Code   RO          625    i.HAL_ADC_ErrorCallback  stm32g4xx_hal_adc.o
    0x08001d3e   0x08001d3e   0x00000002   PAD
    0x08001d40   0x08001d40   0x00000330   Code   RO          629    i.HAL_ADC_IRQHandler  stm32g4xx_hal_adc.o
    0x08002070   0x08002070   0x0000025c   Code   RO          630    i.HAL_ADC_Init      stm32g4xx_hal_adc.o
    0x080022cc   0x080022cc   0x00000002   Code   RO          631    i.HAL_ADC_LevelOutOfWindowCallback  stm32g4xx_hal_adc.o
    0x080022ce   0x080022ce   0x00000002   PAD
    0x080022d0   0x080022d0   0x000001e8   Code   RO          250    i.HAL_ADC_MspInit   adc.o
    0x080024b8   0x080024b8   0x00000114   Code   RO          638    i.HAL_ADC_Start_DMA  stm32g4xx_hal_adc.o
    0x080025cc   0x080025cc   0x000000fe   Code   RO         2045    i.HAL_DMA_IRQHandler  stm32g4xx_hal_dma.o
    0x080026ca   0x080026ca   0x00000002   PAD
    0x080026cc   0x080026cc   0x000000d0   Code   RO         2046    i.HAL_DMA_Init      stm32g4xx_hal_dma.o
    0x0800279c   0x0800279c   0x000000c2   Code   RO         2050    i.HAL_DMA_Start_IT  stm32g4xx_hal_dma.o
    0x0800285e   0x0800285e   0x00000002   PAD
    0x08002860   0x08002860   0x00000028   Code   RO         1133    i.HAL_Delay         stm32g4xx_hal.o
    0x08002888   0x08002888   0x00000100   Code   RO         1750    i.HAL_FLASHEx_Erase  stm32g4xx_hal_flash_ex.o
    0x08002988   0x08002988   0x00000020   Code   RO         1629    i.HAL_FLASH_Lock    stm32g4xx_hal_flash.o
    0x080029a8   0x080029a8   0x000000c0   Code   RO         1634    i.HAL_FLASH_Program  stm32g4xx_hal_flash.o
    0x08002a68   0x08002a68   0x00000030   Code   RO         1636    i.HAL_FLASH_Unlock  stm32g4xx_hal_flash.o
    0x08002a98   0x08002a98   0x000001cc   Code   RO         1902    i.HAL_GPIO_Init     stm32g4xx_hal_gpio.o
    0x08002c64   0x08002c64   0x0000000a   Code   RO         1906    i.HAL_GPIO_WritePin  stm32g4xx_hal_gpio.o
    0x08002c6e   0x08002c6e   0x00000002   PAD
    0x08002c70   0x08002c70   0x0000000c   Code   RO         1137    i.HAL_GetTick       stm32g4xx_hal.o
    0x08002c7c   0x08002c7c   0x00000018   Code   RO         1143    i.HAL_IncTick       stm32g4xx_hal.o
    0x08002c94   0x08002c94   0x0000001e   Code   RO         1144    i.HAL_Init          stm32g4xx_hal.o
    0x08002cb2   0x08002cb2   0x00000002   PAD
    0x08002cb4   0x08002cb4   0x00000058   Code   RO         1145    i.HAL_InitTick      stm32g4xx_hal.o
    0x08002d0c   0x08002d0c   0x00000044   Code   RO          590    i.HAL_MspInit       stm32g4xx_hal_msp.o
    0x08002d50   0x08002d50   0x00000028   Code   RO         2551    i.HAL_NVIC_EnableIRQ  stm32g4xx_hal_cortex.o
    0x08002d78   0x08002d78   0x0000007a   Code   RO         2557    i.HAL_NVIC_SetPriority  stm32g4xx_hal_cortex.o
    0x08002df2   0x08002df2   0x00000002   PAD
    0x08002df4   0x08002df4   0x00000028   Code   RO         2558    i.HAL_NVIC_SetPriorityGrouping  stm32g4xx_hal_cortex.o
    0x08002e1c   0x08002e1c   0x00000118   Code   RO         2305    i.HAL_PWREx_ControlVoltageScaling  stm32g4xx_hal_pwr_ex.o
    0x08002f34   0x08002f34   0x00000014   Code   RO         2317    i.HAL_PWREx_DisableUCPDDeadBattery  stm32g4xx_hal_pwr_ex.o
    0x08002f48   0x08002f48   0x00000370   Code   RO         1509    i.HAL_RCCEx_PeriphCLKConfig  stm32g4xx_hal_rcc_ex.o
    0x080032b8   0x080032b8   0x00000224   Code   RO         1379    i.HAL_RCC_ClockConfig  stm32g4xx_hal_rcc.o
    0x080034dc   0x080034dc   0x0000000c   Code   RO         1385    i.HAL_RCC_GetHCLKFreq  stm32g4xx_hal_rcc.o
    0x080034e8   0x080034e8   0x00000024   Code   RO         1387    i.HAL_RCC_GetPCLK1Freq  stm32g4xx_hal_rcc.o
    0x0800350c   0x0800350c   0x00000024   Code   RO         1388    i.HAL_RCC_GetPCLK2Freq  stm32g4xx_hal_rcc.o
    0x08003530   0x08003530   0x00000098   Code   RO         1389    i.HAL_RCC_GetSysClockFreq  stm32g4xx_hal_rcc.o
    0x080035c8   0x080035c8   0x0000055c   Code   RO         1392    i.HAL_RCC_OscConfig  stm32g4xx_hal_rcc.o
    0x08003b24   0x08003b24   0x000000fc   Code   RO         2707    i.HAL_SPI_Init      stm32g4xx_hal_spi.o
    0x08003c20   0x08003c20   0x0000007c   Code   RO          323    i.HAL_SPI_MspInit   spi.o
    0x08003c9c   0x08003c9c   0x000002da   Code   RO         2716    i.HAL_SPI_TransmitReceive  stm32g4xx_hal_spi.o
    0x08003f76   0x08003f76   0x00000034   Code   RO         2562    i.HAL_SYSTICK_Config  stm32g4xx_hal_cortex.o
    0x08003faa   0x08003faa   0x00000002   Code   RO         3774    i.HAL_TIMEx_Break2Callback  stm32g4xx_hal_tim_ex.o
    0x08003fac   0x08003fac   0x00000002   Code   RO         3775    i.HAL_TIMEx_BreakCallback  stm32g4xx_hal_tim_ex.o
    0x08003fae   0x08003fae   0x00000002   Code   RO         3776    i.HAL_TIMEx_CommutCallback  stm32g4xx_hal_tim_ex.o
    0x08003fb0   0x08003fb0   0x000000c8   Code   RO         3779    i.HAL_TIMEx_ConfigBreakDeadTime  stm32g4xx_hal_tim_ex.o
    0x08004078   0x08004078   0x00000002   Code   RO         3787    i.HAL_TIMEx_DirectionChangeCallback  stm32g4xx_hal_tim_ex.o
    0x0800407a   0x0800407a   0x00000002   Code   RO         3801    i.HAL_TIMEx_EncoderIndexCallback  stm32g4xx_hal_tim_ex.o
    0x0800407c   0x0800407c   0x00000002   Code   RO         3815    i.HAL_TIMEx_IndexErrorCallback  stm32g4xx_hal_tim_ex.o
    0x0800407e   0x0800407e   0x00000002   PAD
    0x08004080   0x08004080   0x000000b8   Code   RO         3816    i.HAL_TIMEx_MasterConfigSynchronization  stm32g4xx_hal_tim_ex.o
    0x08004138   0x08004138   0x00000002   Code   RO         3837    i.HAL_TIMEx_TransitionErrorCallback  stm32g4xx_hal_tim_ex.o
    0x0800413a   0x0800413a   0x0000006e   Code   RO         3049    i.HAL_TIM_Base_Init  stm32g4xx_hal_tim.o
    0x080041a8   0x080041a8   0x000000cc   Code   RO          365    i.HAL_TIM_Base_MspInit  tim.o
    0x08004274   0x08004274   0x00000090   Code   RO         3052    i.HAL_TIM_Base_Start  stm32g4xx_hal_tim.o
    0x08004304   0x08004304   0x0000009c   Code   RO         3054    i.HAL_TIM_Base_Start_IT  stm32g4xx_hal_tim.o
    0x080043a0   0x080043a0   0x00000134   Code   RO         3058    i.HAL_TIM_ConfigClockSource  stm32g4xx_hal_tim.o
    0x080044d4   0x080044d4   0x000000cc   Code   RO         3070    i.HAL_TIM_Encoder_Init  stm32g4xx_hal_tim.o
    0x080045a0   0x080045a0   0x000000b0   Code   RO          367    i.HAL_TIM_Encoder_MspInit  tim.o
    0x08004650   0x08004650   0x00000002   Code   RO         3083    i.HAL_TIM_IC_CaptureCallback  stm32g4xx_hal_tim.o
    0x08004652   0x08004652   0x000000de   Code   RO         3085    i.HAL_TIM_IC_ConfigChannel  stm32g4xx_hal_tim.o
    0x08004730   0x08004730   0x0000006e   Code   RO         3088    i.HAL_TIM_IC_Init   stm32g4xx_hal_tim.o
    0x0800479e   0x0800479e   0x00000002   Code   RO         3090    i.HAL_TIM_IC_MspInit  stm32g4xx_hal_tim.o
    0x080047a0   0x080047a0   0x000001b0   Code   RO         3093    i.HAL_TIM_IC_Start_IT  stm32g4xx_hal_tim.o
    0x08004950   0x08004950   0x00000220   Code   RO         3097    i.HAL_TIM_IRQHandler  stm32g4xx_hal_tim.o
    0x08004b70   0x08004b70   0x0000005c   Code   RO          368    i.HAL_TIM_MspPostInit  tim.o
    0x08004bcc   0x08004bcc   0x00000002   Code   RO         3100    i.HAL_TIM_OC_DelayElapsedCallback  stm32g4xx_hal_tim.o
    0x08004bce   0x08004bce   0x00000170   Code   RO         3121    i.HAL_TIM_PWM_ConfigChannel  stm32g4xx_hal_tim.o
    0x08004d3e   0x08004d3e   0x0000006e   Code   RO         3124    i.HAL_TIM_PWM_Init  stm32g4xx_hal_tim.o
    0x08004dac   0x08004dac   0x00000002   Code   RO         3126    i.HAL_TIM_PWM_MspInit  stm32g4xx_hal_tim.o
    0x08004dae   0x08004dae   0x00000002   Code   RO         3127    i.HAL_TIM_PWM_PulseFinishedCallback  stm32g4xx_hal_tim.o
    0x08004db0   0x08004db0   0x0000014c   Code   RO         3129    i.HAL_TIM_PWM_Start  stm32g4xx_hal_tim.o
    0x08004efc   0x08004efc   0x00000002   Code   RO         3135    i.HAL_TIM_PeriodElapsedCallback  stm32g4xx_hal_tim.o
    0x08004efe   0x08004efe   0x0000006c   Code   RO         3138    i.HAL_TIM_SlaveConfigSynchro  stm32g4xx_hal_tim.o
    0x08004f6a   0x08004f6a   0x00000002   Code   RO         3140    i.HAL_TIM_TriggerCallback  stm32g4xx_hal_tim.o
    0x08004f6c   0x08004f6c   0x0000004e   Code   RO         4628    i.HAL_UARTEx_DisableFifoMode  stm32g4xx_hal_uart_ex.o
    0x08004fba   0x08004fba   0x0000005e   Code   RO         4637    i.HAL_UARTEx_SetRxFifoThreshold  stm32g4xx_hal_uart_ex.o
    0x08005018   0x08005018   0x0000005e   Code   RO         4638    i.HAL_UARTEx_SetTxFifoThreshold  stm32g4xx_hal_uart_ex.o
    0x08005076   0x08005076   0x00000078   Code   RO         4232    i.HAL_UART_Init     stm32g4xx_hal_uart.o
    0x080050ee   0x080050ee   0x00000002   PAD
    0x080050f0   0x080050f0   0x00000094   Code   RO          449    i.HAL_UART_MspInit  usart.o
    0x08005184   0x08005184   0x00000004   Code   RO          494    i.HardFault_Handler  stm32g4xx_it.o
    0x08005188   0x08005188   0x0000003a   Code   RO         5448    i.IPack_Transform   transform.o
    0x080051c2   0x080051c2   0x00000002   PAD
    0x080051c4   0x080051c4   0x00000224   Code   RO         5310    i.Internally_Specified  motion_control.o
    0x080053e8   0x080053e8   0x00000010   Code   RO          644    i.LL_ADC_Enable     stm32g4xx_hal_adc.o
    0x080053f8   0x080053f8   0x0000000a   Code   RO          645    i.LL_ADC_GetMultimode  stm32g4xx_hal_adc.o
    0x08005402   0x08005402   0x00000012   Code   RO          646    i.LL_ADC_GetOffsetChannel  stm32g4xx_hal_adc.o
    0x08005414   0x08005414   0x00000012   Code   RO          917    i.LL_ADC_GetOffsetChannel  stm32g4xx_hal_adc_ex.o
    0x08005426   0x08005426   0x0000000a   Code   RO          918    i.LL_ADC_INJ_GetTrigAuto  stm32g4xx_hal_adc_ex.o
    0x08005430   0x08005430   0x0000000a   Code   RO          647    i.LL_ADC_INJ_IsConversionOngoing  stm32g4xx_hal_adc.o
    0x0800543a   0x0800543a   0x0000000a   Code   RO          919    i.LL_ADC_INJ_IsConversionOngoing  stm32g4xx_hal_adc_ex.o
    0x08005444   0x08005444   0x00000014   Code   RO          920    i.LL_ADC_INJ_StartConversion  stm32g4xx_hal_adc_ex.o
    0x08005458   0x08005458   0x0000000a   Code   RO          648    i.LL_ADC_IsDisableOngoing  stm32g4xx_hal_adc.o
    0x08005462   0x08005462   0x0000000a   Code   RO          649    i.LL_ADC_IsEnabled  stm32g4xx_hal_adc.o
    0x0800546c   0x0800546c   0x0000000a   Code   RO          921    i.LL_ADC_IsEnabled  stm32g4xx_hal_adc_ex.o
    0x08005476   0x08005476   0x0000000a   Code   RO          650    i.LL_ADC_IsInternalRegulatorEnabled  stm32g4xx_hal_adc.o
    0x08005480   0x08005480   0x0000000a   Code   RO          651    i.LL_ADC_REG_IsConversionOngoing  stm32g4xx_hal_adc.o
    0x0800548a   0x0800548a   0x0000000a   Code   RO          922    i.LL_ADC_REG_IsConversionOngoing  stm32g4xx_hal_adc_ex.o
    0x08005494   0x08005494   0x00000012   Code   RO          652    i.LL_ADC_REG_IsTriggerSourceSWStart  stm32g4xx_hal_adc.o
    0x080054a6   0x080054a6   0x00000002   PAD
    0x080054a8   0x080054a8   0x00000010   Code   RO          653    i.LL_ADC_REG_StartConversion  stm32g4xx_hal_adc.o
    0x080054b8   0x080054b8   0x00000028   Code   RO          655    i.LL_ADC_SetChannelSamplingTime  stm32g4xx_hal_adc.o
    0x080054e0   0x080054e0   0x00000028   Code   RO          923    i.LL_ADC_SetChannelSamplingTime  stm32g4xx_hal_adc_ex.o
    0x08005508   0x08005508   0x0000000c   Code   RO          656    i.LL_ADC_SetCommonPathInternalCh  stm32g4xx_hal_adc.o
    0x08005514   0x08005514   0x0000000c   Code   RO          924    i.LL_ADC_SetCommonPathInternalCh  stm32g4xx_hal_adc_ex.o
    0x08005520   0x08005520   0x00000016   Code   RO          657    i.LL_ADC_SetOffsetState  stm32g4xx_hal_adc.o
    0x08005536   0x08005536   0x00000016   Code   RO          925    i.LL_ADC_SetOffsetState  stm32g4xx_hal_adc_ex.o
    0x0800554c   0x0800554c   0x0000000c   Code   RO          658    i.LL_ADC_SetSamplingTimeCommonConfig  stm32g4xx_hal_adc.o
    0x08005558   0x08005558   0x0000000c   Code   RO          926    i.LL_ADC_SetSamplingTimeCommonConfig  stm32g4xx_hal_adc_ex.o
    0x08005564   0x08005564   0x00000110   Code   RO          251    i.MX_ADC1_Init      adc.o
    0x08005674   0x08005674   0x000000a0   Code   RO          252    i.MX_ADC2_Init      adc.o
    0x08005714   0x08005714   0x00000050   Code   RO          298    i.MX_DMA_Init       dma.o
    0x08005764   0x08005764   0x000000e8   Code   RO          225    i.MX_GPIO_Init      gpio.o
    0x0800584c   0x0800584c   0x00000054   Code   RO          324    i.MX_SPI2_Init      spi.o
    0x080058a0   0x080058a0   0x00000124   Code   RO          369    i.MX_TIM1_Init      tim.o
    0x080059c4   0x080059c4   0x00000084   Code   RO          370    i.MX_TIM2_Init      tim.o
    0x08005a48   0x08005a48   0x000000a4   Code   RO          371    i.MX_TIM3_Init      tim.o
    0x08005aec   0x08005aec   0x00000070   Code   RO          372    i.MX_TIM4_Init      tim.o
    0x08005b5c   0x08005b5c   0x0000004c   Code   RO          373    i.MX_TIM6_Init      tim.o
    0x08005ba8   0x08005ba8   0x0000006c   Code   RO          450    i.MX_USART1_UART_Init  usart.o
    0x08005c14   0x08005c14   0x00000004   Code   RO          495    i.MemManage_Handler  stm32g4xx_it.o
    0x08005c18   0x08005c18   0x0000004c   Code   RO         4788    i.Micro_Varible_Init  public.o
    0x08005c64   0x08005c64   0x0000005c   Code   RO         5311    i.Motion_Control_Init  motion_control.o
    0x08005cc0   0x08005cc0   0x00000190   Code   RO         5549    i.Motor_Adjust      ele_angle_adjust.o
    0x08005e50   0x08005e50   0x000001d0   Code   RO         5550    i.Motor_Adjust_Data_Cal  ele_angle_adjust.o
    0x08006020   0x08006020   0x00000154   Code   RO         5181    i.Motor_Control_Init  foc_control.o
    0x08006174   0x08006174   0x00000098   Code   RO         5551    i.Motor_Open_Run    ele_angle_adjust.o
    0x0800620c   0x0800620c   0x00000298   Code   RO         5137    i.Motor_Run_Task    motor_task.o
    0x080064a4   0x080064a4   0x00000004   Code   RO          496    i.NMI_Handler       stm32g4xx_it.o
    0x080064a8   0x080064a8   0x00000026   Code   RO         5096    i.PWM_OUT_ON        pwm_ctrl.o
    0x080064ce   0x080064ce   0x0000003a   Code   RO         5449    i.Pack_Transform    transform.o
    0x08006508   0x08006508   0x000003a8   Code   RO         5372    i.Param_Ident       param_identify.o
    0x080068b0   0x080068b0   0x000000c8   Code   RO         5373    i.Param_Ident_Init  param_identify.o
    0x08006978   0x08006978   0x00000002   Code   RO          497    i.PendSV_Handler    stm32g4xx_it.o
    0x0800697a   0x0800697a   0x00000002   PAD
    0x0800697c   0x0800697c   0x000000d4   Code   RO         5416    i.Pid_Control_Cal   pid_control.o
    0x08006a50   0x08006a50   0x00000030   Code   RO         5417    i.Pid_Control_Init  pid_control.o
    0x08006a80   0x08006a80   0x00000128   Code   RO         5312    i.Position_Control_Cal  motion_control.o
    0x08006ba8   0x08006ba8   0x00000070   Code   RO         5313    i.Position_Control_Init  motion_control.o
    0x08006c18   0x08006c18   0x00000048   Code   RO         5232    i.Position_Loop_Cal  motor_run_mode.o
    0x08006c60   0x08006c60   0x00000084   Code   RO         5233    i.Position_Loop_Cal_Init  motor_run_mode.o
    0x08006ce4   0x08006ce4   0x000000a6   Code   RO         5606    i.Position_Mode_Test_Cal  position_mode_test.o
    0x08006d8a   0x08006d8a   0x00000002   PAD
    0x08006d8c   0x08006d8c   0x000000bc   Code   RO         5607    i.Position_Motion_Comb_Init  position_mode_test.o
    0x08006e48   0x08006e48   0x00000230   Code   RO         5314    i.Position_Pulse_Set  motion_control.o
    0x08007078   0x08007078   0x0000033c   Code   RO         5608    i.Position_Sequence_Init  position_mode_test.o
    0x080073b4   0x080073b4   0x000000dc   Code   RO         5315    i.Pulse_Command_Cal  motion_control.o
    0x08007490   0x08007490   0x000001c0   Code   RO         5182    i.Pwm_Init          foc_control.o
    0x08007650   0x08007650   0x00000068   Code   RO         1393    i.RCC_GetSysClockFreqFromPLLSource  stm32g4xx_hal_rcc.o
    0x080076b8   0x080076b8   0x00000090   Code   RO         4951    i.Rtc_Temperature_Cal  current_sample.o
    0x08007748   0x08007748   0x00000050   Code   RO         4952    i.Rtc_Temperature_Init  current_sample.o
    0x08007798   0x08007798   0x00000074   Code   RO         5648    i.SEGGER_RTT_ConfigUpBuffer  segger_rtt.o
    0x0800780c   0x0800780c   0x00000064   Code   RO         2745    i.SPI_EndRxTxTransaction  stm32g4xx_hal_spi.o
    0x08007870   0x08007870   0x000000f8   Code   RO         2750    i.SPI_WaitFifoStateUntilTimeout  stm32g4xx_hal_spi.o
    0x08007968   0x08007968   0x000000d8   Code   RO         2751    i.SPI_WaitFlagStateUntilTimeout  stm32g4xx_hal_spi.o
    0x08007a40   0x08007a40   0x00000002   Code   RO          498    i.SVC_Handler       stm32g4xx_it.o
    0x08007a42   0x08007a42   0x00000002   PAD
    0x08007a44   0x08007a44   0x0000017c   Code   RO         5032    i.Speed_Feedback_Cal  encoder.o
    0x08007bc0   0x08007bc0   0x0000007c   Code   RO         5033    i.Speed_Feedback_Cal_Init  encoder.o
    0x08007c3c   0x08007c3c   0x00000054   Code   RO         5234    i.Speed_Loop_Cal    motor_run_mode.o
    0x08007c90   0x08007c90   0x00000060   Code   RO         5235    i.Speed_Loop_Cal_Init  motor_run_mode.o
    0x08007cf0   0x08007cf0   0x00000090   Code   RO         5236    i.Step_Motor_Run_Current_Loop  motor_run_mode.o
    0x08007d80   0x08007d80   0x00000080   Code   RO         5237    i.Step_Motor_Run_Open_Loop  motor_run_mode.o
    0x08007e00   0x08007e00   0x000000c8   Code   RO         5238    i.Step_Motor_Run_Pos_Current_Loop  motor_run_mode.o
    0x08007ec8   0x08007ec8   0x00000170   Code   RO         5239    i.Step_Motor_Run_Pos_Speed_Current_Loop  motor_run_mode.o
    0x08008038   0x08008038   0x000000e8   Code   RO         5240    i.Step_Motor_Run_Speed_Current_Loop  motor_run_mode.o
    0x08008120   0x08008120   0x00000464   Code   RO         5183    i.Step_Vector_Curr_Control  foc_control.o
    0x08008584   0x08008584   0x00000008   Code   RO          499    i.SysTick_Handler   stm32g4xx_it.o
    0x0800858c   0x0800858c   0x0000006c   Code   RO           14    i.SystemClock_Config  main.o
    0x080085f8   0x080085f8   0x00000014   Code   RO         4752    i.SystemInit        system_stm32g4xx.o
    0x0800860c   0x0800860c   0x0000005c   Code   RO         4789    i.System_Run_Param_Init  public.o
    0x08008668   0x08008668   0x00000010   Code   RO          500    i.TIM1_UP_TIM16_IRQHandler  stm32g4xx_it.o
    0x08008678   0x08008678   0x00000010   Code   RO          501    i.TIM6_DAC_IRQHandler  stm32g4xx_it.o
    0x08008688   0x08008688   0x000000cc   Code   RO         3142    i.TIM_Base_SetConfig  stm32g4xx_hal_tim.o
    0x08008754   0x08008754   0x00000022   Code   RO         3143    i.TIM_CCxChannelCmd  stm32g4xx_hal_tim.o
    0x08008776   0x08008776   0x00000016   Code   RO         3153    i.TIM_ETR_SetConfig  stm32g4xx_hal_tim.o
    0x0800878c   0x0800878c   0x00000018   Code   RO         3154    i.TIM_ITRx_SetConfig  stm32g4xx_hal_tim.o
    0x080087a4   0x080087a4   0x000000ac   Code   RO         3155    i.TIM_OC1_SetConfig  stm32g4xx_hal_tim.o
    0x08008850   0x08008850   0x000000b4   Code   RO         3156    i.TIM_OC2_SetConfig  stm32g4xx_hal_tim.o
    0x08008904   0x08008904   0x000000b4   Code   RO         3157    i.TIM_OC3_SetConfig  stm32g4xx_hal_tim.o
    0x080089b8   0x080089b8   0x000000b4   Code   RO         3158    i.TIM_OC4_SetConfig  stm32g4xx_hal_tim.o
    0x08008a6c   0x08008a6c   0x00000070   Code   RO         3159    i.TIM_OC5_SetConfig  stm32g4xx_hal_tim.o
    0x08008adc   0x08008adc   0x00000070   Code   RO         3160    i.TIM_OC6_SetConfig  stm32g4xx_hal_tim.o
    0x08008b4c   0x08008b4c   0x00000104   Code   RO         3161    i.TIM_SlaveTimer_SetConfig  stm32g4xx_hal_tim.o
    0x08008c50   0x08008c50   0x00000026   Code   RO         3162    i.TIM_TI1_ConfigInputStage  stm32g4xx_hal_tim.o
    0x08008c76   0x08008c76   0x00000002   PAD
    0x08008c78   0x08008c78   0x0000007c   Code   RO         3163    i.TIM_TI1_SetConfig  stm32g4xx_hal_tim.o
    0x08008cf4   0x08008cf4   0x00000028   Code   RO         3164    i.TIM_TI2_ConfigInputStage  stm32g4xx_hal_tim.o
    0x08008d1c   0x08008d1c   0x0000003a   Code   RO         3165    i.TIM_TI2_SetConfig  stm32g4xx_hal_tim.o
    0x08008d56   0x08008d56   0x00000038   Code   RO         3166    i.TIM_TI3_SetConfig  stm32g4xx_hal_tim.o
    0x08008d8e   0x08008d8e   0x0000003c   Code   RO         3167    i.TIM_TI4_SetConfig  stm32g4xx_hal_tim.o
    0x08008dca   0x08008dca   0x00000002   PAD
    0x08008dcc   0x08008dcc   0x00000058   Code   RO         4642    i.UARTEx_SetNbDataToProcess  stm32g4xx_hal_uart_ex.o
    0x08008e24   0x08008e24   0x000000f8   Code   RO         4246    i.UART_AdvFeatureConfig  stm32g4xx_hal_uart.o
    0x08008f1c   0x08008f1c   0x000000ea   Code   RO         4247    i.UART_CheckIdleState  stm32g4xx_hal_uart.o
    0x08009006   0x08009006   0x00000002   PAD
    0x08009008   0x08009008   0x0000006c   Code   RO         4258    i.UART_EndRxTransfer  stm32g4xx_hal_uart.o
    0x08009074   0x08009074   0x00000384   Code   RO         4265    i.UART_SetConfig    stm32g4xx_hal_uart.o
    0x080093f8   0x080093f8   0x000000ac   Code   RO         4272    i.UART_WaitOnFlagUntilTimeout  stm32g4xx_hal_uart.o
    0x080094a4   0x080094a4   0x00000004   Code   RO          502    i.UsageFault_Handler  stm32g4xx_it.o
    0x080094a8   0x080094a8   0x000000d4   Code   RO         4953    i.Voltage_Ref_Cal   current_sample.o
    0x0800957c   0x0800957c   0x00000120   Code   RO         4954    i.Voltage_Value_Cal  current_sample.o
    0x0800969c   0x0800969c   0x00000070   Code   RO         5677    i._DoInit           segger_rtt.o
    0x0800970c   0x0800970c   0x00000010   Code   RO         2564    i.__NVIC_GetPriorityGrouping  stm32g4xx_hal_cortex.o
    0x0800971c   0x0800971c   0x00000028   Code   RO         2565    i.__NVIC_SetPriority  stm32g4xx_hal_cortex.o
    0x08009744   0x08009744   0x0000016c   Code   RO         6082    i.__hardfp_logf     m_wm.l(logf.o)
    0x080098b0   0x080098b0   0x00000014   Code   RO         6109    i.__mathlib_flt_divzero  m_wm.l(funder.o)
    0x080098c4   0x080098c4   0x00000006   Code   RO         6110    i.__mathlib_flt_infnan  m_wm.l(funder.o)
    0x080098ca   0x080098ca   0x00000002   PAD
    0x080098cc   0x080098cc   0x00000010   Code   RO         6112    i.__mathlib_flt_invalid  m_wm.l(funder.o)
    0x080098dc   0x080098dc   0x0000000e   Code   RO         6155    i.__scatterload_copy  mc_w.l(handlers.o)
    0x080098ea   0x080098ea   0x00000002   Code   RO         6156    i.__scatterload_null  mc_w.l(handlers.o)
    0x080098ec   0x080098ec   0x0000000e   Code   RO         6157    i.__scatterload_zeroinit  mc_w.l(handlers.o)
    0x080098fa   0x080098fa   0x00000002   PAD
    0x080098fc   0x080098fc   0x0000000c   Code   RO         6145    i.__set_errno       mc_w.l(errno.o)
    0x08009908   0x08009908   0x00000078   Code   RO           15    i.main              main.o
    0x08009980   0x08009980   0x0000002a   Code   RO         4790    i.sat               public.o
    0x080099aa   0x080099aa   0x00000016   Code   RO         4791    i.thetafrac         public.o
    0x080099c0   0x080099c0   0x00000018   Data   RO         4273    .constdata          stm32g4xx_hal_uart.o
    0x080099d8   0x080099d8   0x00000010   Data   RO         4644    .constdata          stm32g4xx_hal_uart_ex.o
    0x080099e8   0x080099e8   0x00000018   Data   RO         4753    .constdata          system_stm32g4xx.o
    0x08009a00   0x08009a00   0x00000011   Data   RO         5682    .constdata          segger_rtt.o
    0x08009a11   0x08009a11   0x00000003   PAD
    0x08009a14   0x08009a14   0x00000804   Data   RO         6059    .constdata          arm_cortexM4lf_math.lib(arm_common_tables.o)
    0x0800a218   0x0800a218   0x00000040   Data   RO         6085    .constdata          m_wm.l(logf.o)
    0x0800a258   0x0800a258   0x00000020   Data   RO         6153    Region$$Table       anon$$obj.o


    Execution Region RW_IRAM1 (Exec base: 0x20000000, Load base: 0x0800a278, Size: 0x00001df8, Max: 0x00008000, ABSOLUTE)

    Exec Addr    Load Addr    Size         Type   Attr      Idx    E Section Name        Object

    0x20000000   0x0800a278   0x00000004   Data   RW          254    .data               adc.o
    0x20000004   0x0800a27c   0x0000000c   Data   RW         1164    .data               stm32g4xx_hal.o
    0x20000010   0x0800a288   0x00000020   Data   RW         1637    .data               stm32g4xx_hal_flash.o
    0x20000030   0x0800a2a8   0x00000004   Data   RW         4754    .data               system_stm32g4xx.o
    0x20000034   0x0800a2ac   0x00000002   Data   RW         4911    .data               system_it.o
    0x20000036   0x0800a2ae   0x00000005   Data   RW         4956    .data               current_sample.o
    0x2000003b   0x0800a2b3   0x00000001   PAD
    0x2000003c   0x0800a2b4   0x00000005   Data   RW         5035    .data               encoder.o
    0x20000041   0x0800a2b9   0x00000003   PAD
    0x20000044   0x0800a2bc   0x00000004   Data   RW         5138    .data               motor_task.o
    0x20000048   0x0800a2c0   0x00000004   Data   RW         5317    .data               motion_control.o
    0x2000004c   0x0800a2c4   0x0000000d   Data   RW         5487    .data               my_flash.o
    0x20000059   0x0800a2d1   0x00000003   PAD
    0x2000005c   0x0800a2d4   0x00000004   Data   RW         6146    .data               mc_w.l(errno.o)
    0x20000060        -       0x00000800   Zero   RW           16    .bss                main.o
    0x20000860        -       0x00000138   Zero   RW          253    .bss                adc.o
    0x20000998        -       0x00000064   Zero   RW          325    .bss                spi.o
    0x200009fc        -       0x0000017c   Zero   RW          374    .bss                tim.o
    0x20000b78        -       0x00000094   Zero   RW          451    .bss                usart.o
    0x20000c0c        -       0x00000040   Zero   RW         4792    .bss                public.o
    0x20000c4c        -       0x00000058   Zero   RW         4955    .bss                current_sample.o
    0x20000ca4        -       0x00000064   Zero   RW         5034    .bss                encoder.o
    0x20000d08        -       0x00000030   Zero   RW         5097    .bss                pwm_ctrl.o
    0x20000d38        -       0x00000178   Zero   RW         5185    .bss                foc_control.o
    0x20000eb0        -       0x00000090   Zero   RW         5241    .bss                motor_run_mode.o
    0x20000f40        -       0x00000098   Zero   RW         5316    .bss                motion_control.o
    0x20000fd8        -       0x00000078   Zero   RW         5374    .bss                param_identify.o
    0x20001050        -       0x00000010   Zero   RW         5486    .bss                my_flash.o
    0x20001060        -       0x00000334   Zero   RW         5552    .bss                ele_angle_adjust.o
    0x20001394        -       0x000001a8   Zero   RW         5609    .bss                position_mode_test.o
    0x2000153c        -       0x000004b8   Zero   RW         5684    .noncacheable.bss   segger_rtt.o
    0x200019f4   0x0800a2d8   0x00000004   PAD
    0x200019f8        -       0x00000400   Zero   RW            1    STACK               startup_stm32g431xx.o


==============================================================================

Image component sizes


      Code (inc. data)   RO Data    RW Data    ZI Data      Debug   Object Name

       920         56          0          4        312       2976   adc.o
      1046         96          0          5         88       5964   current_sample.o
        80          6          0          0          0        766   dma.o
      1100         50          0          0        820       5059   ele_angle_adjust.o
       796         86          0          5        100       4961   encoder.o
      1912         66          0          0        376       4550   foc_control.o
       232         14          0          0          0        967   gpio.o
       234         30          0          0       2048     698584   main.o
      1828         96          0          4        152       5966   motion_control.o
      1456        204          0          0        144       6745   motor_run_mode.o
       728         74          0          4          0       1412   motor_task.o
       264         24          0         13         16       3507   my_flash.o
      1232         72          0          0        120       3966   param_identify.o
       260         12          0          0          0       1893   pid_control.o
      1182         78          0          0        424       3376   position_mode_test.o
       232         22          0          0         64       4745   public.o
        94         10          0          0         48       2006   pwm_ctrl.o
       228         34         17          0       1208       6386   segger_rtt.o
       208         22          0          0        100       1621   spi.o
        36          8        472          0       1024        820   startup_stm32g431xx.o
       194         32          0         12          0       4217   stm32g4xx_hal.o
      3744        140          0          0          0      86279   stm32g4xx_hal_adc.o
      2544         90          0          0          0      79668   stm32g4xx_hal_adc_ex.o
       310         22          0          0          0      34243   stm32g4xx_hal_cortex.o
       824         22          0          0          0       4803   stm32g4xx_hal_dma.o
       516         44          0         32          0      22778   stm32g4xx_hal_flash.o
       456         26          0          0          0       3054   stm32g4xx_hal_flash_ex.o
       470         32          0          0          0       2004   stm32g4xx_hal_gpio.o
        68          6          0          0          0        826   stm32g4xx_hal_msp.o
       300         18          0          0          0       1381   stm32g4xx_hal_pwr_ex.o
      2260        106          0          0          0       7124   stm32g4xx_hal_rcc.o
       880          8          0          0          0       1852   stm32g4xx_hal_rcc_ex.o
      1546         12          0          0          0       5781   stm32g4xx_hal_spi.o
      5018        352          0          0          0      28313   stm32g4xx_hal_tim.o
       398         34          0          0          0       6264   stm32g4xx_hal_tim_ex.o
      1782         66         24          0          0      24890   stm32g4xx_hal_uart.o
       354         10         16          0          0       3585   stm32g4xx_hal_uart_ex.o
       106         26          0          0          0       6042   stm32g4xx_it.o
       372        104          0          0          0       3691   system_init.o
        48         14          0          2          0       1094   system_it.o
        20          6         24          4          0       1079   system_stm32g4xx.o
      1248         84          0          0        380       5926   tim.o
       116          0          0          0          0       1267   transform.o
       256         26          0          0        148       1722   usart.o

    ----------------------------------------------------------------------
     37944       2340        588         92       7576    1104153   Object Totals
         0          0         32          0          0          0   (incl. Generated)
        46          0          3          7          4          0   (incl. Padding)

    ----------------------------------------------------------------------

      Code (inc. data)   RO Data    RW Data    ZI Data      Debug   Library Member Name

         0          0       2052          0          0       4636   arm_common_tables.o
       120         12          0          0          0      16970   arm_cos_f32.o
       116         12          0          0          0        658   arm_sin_f32.o
        42         12          0          0          0        348   funder.o
       364         44         64          0          0        140   logf.o
         0          0          0          0          0          0   entry.o
         0          0          0          0          0          0   entry10a.o
         0          0          0          0          0          0   entry11a.o
         4          0          0          0          0          0   entry12b.o
         8          4          0          0          0          0   entry2.o
         4          0          0          0          0          0   entry5.o
         0          0          0          0          0          0   entry7b.o
         0          0          0          0          0          0   entry8b.o
         8          4          0          0          0          0   entry9a.o
        12          6          0          4          0         68   errno.o
        30          0          0          0          0          0   handlers.o
        36          8          0          0          0         68   init.o
         0          0          0          0          0          0   iusefp.o
        30          0          0          0          0         68   llshl.o
        32          0          0          0          0         68   llushr.o
        36          0          0          0          0        108   memseta.o
        98          0          0          0          0         92   uldiv.o

    ----------------------------------------------------------------------
       944        102       2116          4          0      23224   Library Totals
         4          0          0          0          0          0   (incl. Padding)

    ----------------------------------------------------------------------

      Code (inc. data)   RO Data    RW Data    ZI Data      Debug   Library Name

       236         24       2052          0          0      22264   arm_cortexM4lf_math.lib
       406         56         64          0          0        488   m_wm.l
       298         22          0          4          0        472   mc_w.l

    ----------------------------------------------------------------------
       944        102       2116          4          0      23224   Library Totals

    ----------------------------------------------------------------------

==============================================================================


      Code (inc. data)   RO Data    RW Data    ZI Data      Debug   

     38888       2442       2704         96       7576    1103677   Grand Totals
     38888       2442       2704         96       7576    1103677   ELF Image Totals
     38888       2442       2704         96          0          0   ROM Totals

==============================================================================

    Total RO  Size (Code + RO Data)                41592 (  40.62kB)
    Total RW  Size (RW Data + ZI Data)              7672 (   7.49kB)
    Total ROM Size (Code + RO Data + RW Data)      41688 (  40.71kB)

==============================================================================

